#
# There is insufficient memory for the Java Runtime Environment to continue.
# Native memory allocation (mmap) failed to map 125829120 bytes. Error detail: G1 virtual space
# Possible reasons:
#   The system is out of physical RAM or swap space
#   This process is running with CompressedOops enabled, and the Java Heap may be blocking the growth of the native heap
# Possible solutions:
#   Reduce memory load on the system
#   Increase physical memory or swap space
#   Check if swap backing store is full
#   Decrease Java heap size (-Xmx/-Xms)
#   Decrease number of Java threads
#   Decrease Java thread stack sizes (-Xss)
#   Set larger code cache with -XX:ReservedCodeCacheSize=
#   JVM is running with Zero Based Compressed Oops mode in which the Java heap is
#     placed in the first 32GB address space. The Java Heap base address is the
#     maximum limit for the native heap growth. Please use -XX:HeapBaseMinAddress
#     to set the Java Heap base and to place the Java Heap above 32GB virtual address.
# This output file may be truncated or incomplete.
#
#  Out of Memory Error (os_windows.cpp:3583), pid=46508, tid=40532
#
# JRE version: OpenJDK Runtime Environment (26.0+35) (build 26+35-2893)
# Java VM: OpenJDK 64-Bit Server VM (26+35-2893, mixed mode, sharing, tiered, compressed oops, compressed class ptrs, g1 gc, windows-amd64)
# No core dump will be written. Minidumps are not enabled by default on client versions of Windows
#

---------------  S U M M A R Y ------------

Command Line: --enable-native-access=ALL-UNNAMED --sun-misc-unsafe-memory-access=allow -Dio.netty.tryReflectionSetAccessible=true --enable-native-access=ALL-UNNAMED -Dclassworlds.conf=C:\Users\darvik\scoop\apps\maven\current\bin\m2.conf -Dmaven.home=C:\Users\darvik\scoop\apps\maven\current -Dlibrary.jansi.path=C:\Users\darvik\scoop\apps\maven\current\lib\jansi-native -Dmaven.multiModuleProjectDirectory=D:\Projects\java\note-keeper org.codehaus.plexus.classworlds.launcher.Launcher compile -pl note-keeper-service -q

Host: 12th Gen Intel(R) Core(TM) i5-12450H, 12 cores, 31G,  Windows 11 , 64 bit Build 26100 (10.0.26100.9168)
Time: Sun Aug 23 12:54:39 2026 Novosibirsk Standard Time elapsed time: 4.977855 seconds (0d 0h 0m 4s)

---------------  T H R E A D  ---------------

Current thread (0x000001b7a99d0b60):  VMThread "VM Thread"          [id=40532, stack(0x000000aaa0a00000,0x000000aaa0b00000) (1024K)]

Stack: [0x000000aaa0a00000,0x000000aaa0b00000]
Native frames: (J=compiled Java code, j=interpreted, Vv=VM code, C=native code)
V  [jvm.dll+0x7d5719]  (no source info available)
V  [jvm.dll+0x7a367d]  (no source info available)
V  [jvm.dll+0x9b0aa0]  (no source info available)
V  [jvm.dll+0x9b2ef1]  (no source info available)
V  [jvm.dll+0x9b3603]  (no source info available)
V  [jvm.dll+0x30de86]  (no source info available)
V  [jvm.dll+0x7d4be5]  (no source info available)
V  [jvm.dll+0x7c7da7]  (no source info available)
V  [jvm.dll+0x4086f8]  (no source info available)
V  [jvm.dll+0x410a66]  (no source info available)
V  [jvm.dll+0x3fce04]  (no source info available)
V  [jvm.dll+0x3fd0f5]  (no source info available)
V  [jvm.dll+0x3d3a7f]  (no source info available)
V  [jvm.dll+0x3d6cec]  (no source info available)
V  [jvm.dll+0x4222fc]  (no source info available)
V  [jvm.dll+0x420c43]  (no source info available)
V  [jvm.dll+0x3d3218]  (no source info available)
V  [jvm.dll+0x420003]  (no source info available)
V  [jvm.dll+0x9b9ab1]  (no source info available)
V  [jvm.dll+0x9baa7b]  (no source info available)
V  [jvm.dll+0x9baf8c]  (no source info available)
V  [jvm.dll+0x9bb409]  (no source info available)
V  [jvm.dll+0x9bb6b3]  (no source info available)
V  [jvm.dll+0x94f4e9]  (no source info available)
V  [jvm.dll+0x7d71f8]  (no source info available)
C  [ucrtbase.dll+0x2cd30]  (no source info available)
C  [KERNEL32.DLL+0x2ccb7]  (no source info available)
C  [ntdll.dll+0xaad6c]  (no source info available)

VM_Operation (0x000000aaa02fc138): G1CollectForAllocation, mode: safepoint, requested by thread 0x000001b781e179d0


---------------  P R O C E S S  ---------------

Threads class SMR info:
_java_thread_list=0x000001b7aebbcfb0, length=13, elements={
0x000001b781e179d0, 0x000001b7a99e1d00, 0x000001b7a99e2750, 0x000001b7a99e54a0,
0x000001b7a99e7060, 0x000001b7a99e7c10, 0x000001b7a99f1f20, 0x000001b7a99fb220,
0x000001b7a9a11a00, 0x000001b7ae0e7a70, 0x000001b7ae0ea680, 0x000001b7aeb36a80,
0x000001b7aebba270
}

Java Threads: ( => current thread )
  0x000001b781e179d0 JavaThread "main"                              [_thread_blocked, id=47880, stack(0x000000aaa0200000,0x000000aaa0300000) (1024K)]
  0x000001b7a99e1d00 JavaThread "Reference Handler"          daemon [_thread_blocked, id=47596, stack(0x000000aaa0b00000,0x000000aaa0c00000) (1024K)]
  0x000001b7a99e2750 JavaThread "Finalizer"                  daemon [_thread_blocked, id=43792, stack(0x000000aaa0c00000,0x000000aaa0d00000) (1024K)]
  0x000001b7a99e54a0 JavaThread "Signal Dispatcher"          daemon [_thread_blocked, id=42540, stack(0x000000aaa0d00000,0x000000aaa0e00000) (1024K)]
  0x000001b7a99e7060 JavaThread "Attach Listener"            daemon [_thread_blocked, id=14664, stack(0x000000aaa0e00000,0x000000aaa0f00000) (1024K)]
  0x000001b7a99e7c10 JavaThread "Service Thread"             daemon [_thread_blocked, id=50224, stack(0x000000aaa0f00000,0x000000aaa1000000) (1024K)]
  0x000001b7a99f1f20 JavaThread "Monitor Deflation Thread"   daemon [_thread_blocked, id=11988, stack(0x000000aaa1000000,0x000000aaa1100000) (1024K)]
  0x000001b7a99fb220 JavaThread "C2 CompilerThread0"         daemon [_thread_blocked, id=48700, stack(0x000000aaa1100000,0x000000aaa1200000) (1024K)]
  0x000001b7a9a11a00 JavaThread "C1 CompilerThread0"         daemon [_thread_blocked, id=16176, stack(0x000000aaa1200000,0x000000aaa1300000) (1024K)]
  0x000001b7ae0e7a70 JavaThread "Notification Thread"        daemon [_thread_blocked, id=8324, stack(0x000000aaa1300000,0x000000aaa1400000) (1024K)]
  0x000001b7ae0ea680 JavaThread "Common-Cleaner"             daemon [_thread_blocked, id=17580, stack(0x000000aaa1400000,0x000000aaa1500000) (1024K)]
  0x000001b7aeb36a80 JavaThread "C2 CompilerThread1"         daemon [_thread_blocked, id=39308, stack(0x000000aaa1800000,0x000000aaa1900000) (1024K)]
  0x000001b7aebba270 JavaThread "C2 CompilerThread2"         daemon [_thread_blocked, id=2816, stack(0x000000aaa1a00000,0x000000aaa1b00000) (1024K)]
Total: 13

Other Threads:
=>0x000001b7a99d0b60 VMThread "VM Thread"                           [id=40532, stack(0x000000aaa0a00000,0x000000aaa0b00000) (1024K)]
  0x000001b7a99bde60 WatcherThread "VM Periodic Task Thread"        [id=47112, stack(0x000000aaa0900000,0x000000aaa0a00000) (1024K)]
  0x000001b7820f3280 WorkerThread "GC Thread#0"                     [id=47304, stack(0x000000aaa0300000,0x000000aaa0400000) (1024K)]
  0x000001b7ae480a80 WorkerThread "GC Thread#1"                     [id=45624, stack(0x000000aaa1600000,0x000000aaa1700000) (1024K)]
  0x000001b7aec1c7a0 WorkerThread "GC Thread#2"                     [id=16560, stack(0x000000aaa1900000,0x000000aaa1a00000) (1024K)]
  0x000001b7aee38e70 WorkerThread "GC Thread#3"                     [id=45232, stack(0x000000aaa1b00000,0x000000aaa1c00000) (1024K)]
  0x000001b7aee330f0 WorkerThread "GC Thread#4"                     [id=12936, stack(0x000000aaa1c00000,0x000000aaa1d00000) (1024K)]
  0x000001b7af2058d0 WorkerThread "GC Thread#5"                     [id=25752, stack(0x000000aaa1d00000,0x000000aaa1e00000) (1024K)]
  0x000001b7af206170 WorkerThread "GC Thread#6"                     [id=5696, stack(0x000000aaa1e00000,0x000000aaa1f00000) (1024K)]
  0x000001b7af2065c0 WorkerThread "GC Thread#7"                     [id=38144, stack(0x000000aaa1f00000,0x000000aaa2000000) (1024K)]
  0x000001b7af205d20 WorkerThread "GC Thread#8"                     [id=41112, stack(0x000000aaa2000000,0x000000aaa2100000) (1024K)]
  0x000001b7af208840 WorkerThread "GC Thread#9"                     [id=17816, stack(0x000000aaa2100000,0x000000aaa2200000) (1024K)]
  0x000001b78210eeb0 ConcurrentGCThread "G1 Main Marker"            [id=38888, stack(0x000000aaa0400000,0x000000aaa0500000) (1024K)]
  0x000001b78210fa30 WorkerThread "G1 Conc#0"                       [id=13104, stack(0x000000aaa0500000,0x000000aaa0600000) (1024K)]
  0x000001b7aeaeb730 WorkerThread "G1 Conc#1"                       [id=15696, stack(0x000000aaa1500000,0x000000aaa1600000) (1024K)]
  0x000001b7aeaebb50 WorkerThread "G1 Conc#2"                       [id=30140, stack(0x000000aaa1700000,0x000000aaa1800000) (1024K)]
  0x000001b7a988ed60 WorkerThread "G1 Refinement Workers#0"         [id=45248, stack(0x000000aaa0700000,0x000000aaa0800000) (1024K)]
  0x000001b7a988c390 ConcurrentGCThread "G1 Refine Control"         [id=39424, stack(0x000000aaa0600000,0x000000aaa0700000) (1024K)]
  0x000001b7a988f6d0 ConcurrentGCThread "G1 Service"                [id=41628, stack(0x000000aaa0800000,0x000000aaa0900000) (1024K)]
Total: 19

Threads with active compile tasks:
Total: 0

VM state: at safepoint (normal execution)

VM Mutex/Monitor currently owned by a thread:  ([mutex/lock_event])
[0x00007ffda24ded08] Threads_lock - owner thread: 0x000001b7a99d0b60
[0x00007ffda24def88] Heap_lock - owner thread: 0x000001b781e179d0

Heap address: 0x0000000604400000, size: 8124 MB, Compressed Oops mode: Zero based, Oop shift amount: 3

CDS archive(s) mapped at: [0x0000000009000000-0x0000000009de0000-0x0000000009de0000), size 14548992, SharedBaseAddress: 0x0000000009000000, ArchiveRelocationMode: 1.
Compressed class space mapped at: 0x000000000a000000-0x000000004a000000, reserved size: 1073741824
UseCompressedClassPointers 1, UseCompactObjectHeaders 0
Narrow klass pointer bits 32, Max shift 3
Narrow klass base: 0x0000000009000000, Narrow klass shift: 0
Encoding Range: [0x0000000009000000 - 0x0000000109000000), (4294967296 bytes)
Klass Range:    [0x0000000009000000 - 0x000000004a000000), (1090519040 bytes)
Klass ID Range:  [8 - 1090519033) (1090519025)
Protection zone: [0x0000000009000000 - 0x0000000009010000), (65536 bytes)

GC Precious Log:
 CardTable entry size: 512
 Card Set container configuration: InlinePtr #cards 4 size 8 Array Of Cards #cards 32 size 80 Howl #buckets 8 coarsen threshold 7372 Howl Bitmap #cards 1024 size 144 coarsen threshold 921 Card regions per heap region 1 cards per card region 8192
 CPUs: 12 total, 12 available
 Memory: 32492M
 Large Page Support: Disabled
 NUMA Support: Disabled
 Compressed Oops: Enabled (Zero based)
 Heap Region Size: 4M
 Heap Min Capacity: 8M
 Heap Initial Capacity: 8M
 Heap Max Capacity: 8124M
 Pre-touch: Disabled
 Parallel Workers: 10
 Concurrent Workers: 3
 Concurrent Refinement Workers: 10
 Periodic GC: Disabled

Heap:
 garbage-first heap   total reserved 8318976K, committed 65536K, used 21112K [0x0000000604400000, 0x0000000800000000)
  region size 4M, 0 eden (0M), 1 survivor (4M), 5 old (20M), 0 humongous (0M), 10 free (40M)

Heap Regions: E=young(eden), S=young(survivor), O=old, HS=humongous(starts), HC=humongous(continues), CS=collection set, F=free, TAMS=top-at-mark-start, PB=parsable bottom
|    0|0x0000000604400000, 0x0000000604800000, 0x0000000604800000|100%| O|  |TAMS 0x0000000604400000| PB 0x0000000604400000| Untracked |  0
|    1|0x0000000604800000, 0x0000000604c00000, 0x0000000604c00000|100%| O|  |TAMS 0x0000000604800000| PB 0x0000000604800000| Untracked |  0
|    2|0x0000000604c00000, 0x0000000605000000, 0x0000000605000000|100%| O|  |TAMS 0x0000000604c00000| PB 0x0000000604c00000| Untracked |  0
|    3|0x0000000605000000, 0x0000000605400000, 0x0000000605400000|100%| O|  |TAMS 0x0000000605000000| PB 0x0000000605000000| Untracked |  0
|    4|0x0000000605400000, 0x00000006054d1118, 0x0000000605800000| 20%| O|  |TAMS 0x0000000605400000| PB 0x0000000605400000| Untracked |  0
|    5|0x0000000605800000, 0x0000000605800000, 0x0000000605c00000|  0%| F|  |TAMS 0x0000000605800000| PB 0x0000000605800000| Untracked |  0
|    6|0x0000000605c00000, 0x0000000605c00000, 0x0000000606000000|  0%| F|  |TAMS 0x0000000605c00000| PB 0x0000000605c00000| Untracked |  0
|    7|0x0000000606000000, 0x0000000606000000, 0x0000000606400000|  0%| F|  |TAMS 0x0000000606000000| PB 0x0000000606000000| Untracked |  0
|    8|0x0000000606400000, 0x00000006067ccf40, 0x0000000606800000| 95%| S|CS|TAMS 0x0000000606400000| PB 0x0000000606400000| Complete  |  0
|    9|0x0000000606800000, 0x0000000606800000, 0x0000000606c00000|  0%| F|  |TAMS 0x0000000606800000| PB 0x0000000606800000| Untracked |  0
|   10|0x0000000606c00000, 0x0000000606c00000, 0x0000000607000000|  0%| F|  |TAMS 0x0000000606c00000| PB 0x0000000606c00000| Untracked |  0
|   11|0x0000000607000000, 0x0000000607000000, 0x0000000607400000|  0%| F|  |TAMS 0x0000000607000000| PB 0x0000000607000000| Untracked |  0
|   12|0x0000000607400000, 0x0000000607400000, 0x0000000607800000|  0%| F|  |TAMS 0x0000000607400000| PB 0x0000000607400000| Untracked |  0
|   13|0x0000000607800000, 0x0000000607800000, 0x0000000607c00000|  0%| F|  |TAMS 0x0000000607800000| PB 0x0000000607800000| Untracked |  0
|   14|0x0000000607c00000, 0x0000000607c00000, 0x0000000608000000|  0%| F|  |TAMS 0x0000000607c00000| PB 0x0000000607c00000| Untracked |  0
| 2030|0x00000007ffc00000, 0x00000007ffc00000, 0x0000000800000000|  0%| F|  |TAMS 0x00000007ffc00000| PB 0x00000007ffc00000| Untracked |  0

Card table byte_map: [0x000001b79d250000,0x000001b79e230000] _byte_map_base: 0x000001b79a22e000
Refinement table byte_map: [0x000001b79e230000,0x000001b79f210000] _byte_map_base: 0x000001b79b20e000

Marking Bits: (CMBitMap*) 0x000001b7820f3a00
 Bits: [0x000001b79f210000, 0x000001b7a7100000)

Polling page: 0x000001b781dd0000

Metaspace:
Metaspace        used 16707K, committed 16960K, reserved 1114112K
 class space     used 1985K, committed 2112K, reserved 1048576K

Usage:
  Non-class:     14.38 MB used.
      Class:      1.94 MB used.
       Both:     16.32 MB used.

Virtual space:
  Non-class space:       64.00 MB reserved,      14.50 MB ( 23%) committed,  1 nodes.
      Class space:        1.00 GB reserved,       2.06 MB ( <1%) committed,  1 nodes.
             Both:        1.06 GB reserved,      16.56 MB (  2%) committed. 

Chunk freelists:
   Non-Class:  1.14 MB
       Class:  13.79 MB
        Both:  14.93 MB

MaxMetaspaceSize: unlimited
CompressedClassSpaceSize: 1.00 GB
Initial GC threshold: 21.00 MB
Current GC threshold: 21.00 MB
CDS: on
 - commit_granule_bytes: 65536.
 - commit_granule_words: 8192.
 - virtual_space_node_default_size: 8388608.
 - enlarge_chunks_in_place: 1.
UseCompressedClassPointers 1, UseCompactObjectHeaders 0
Narrow klass pointer bits 32, Max shift 3
Narrow klass base: 0x0000000009000000, Narrow klass shift: 0
Encoding Range: [0x0000000009000000 - 0x0000000109000000), (4294967296 bytes)
Klass Range:    [0x0000000009000000 - 0x000000004a000000), (1090519040 bytes)
Klass ID Range:  [8 - 1090519033) (1090519025)
Protection zone: [0x0000000009000000 - 0x0000000009010000), (65536 bytes)


Internal statistics:

num_allocs_failed_limit: 0.
num_arena_births: 136.
num_arena_deaths: 0.
num_vsnodes_births: 2.
num_vsnodes_deaths: 0.
num_space_committed: 265.
num_space_uncommitted: 0.
num_chunks_returned_to_freelist: 0.
num_chunks_taken_from_freelist: 725.
num_chunk_merges: 0.
num_chunk_splits: 494.
num_chunks_enlarged: 400.
num_inconsistent_stats: 0.

CodeHeap 'non-profiled nmethods': size=120064Kb used=2038Kb max_used=2038Kb free=118025Kb
 bounds [0x000001b7940a0000, 0x000001b794310000, 0x000001b79b5e0000]
CodeHeap 'profiled nmethods': size=120000Kb used=8116Kb max_used=8116Kb free=111883Kb
 bounds [0x000001b78c5e0000, 0x000001b78cdd0000, 0x000001b793b10000]
CodeHeap 'non-nmethods': size=5696Kb used=1398Kb max_used=1533Kb free=4297Kb
 bounds [0x000001b793b10000, 0x000001b793d80000, 0x000001b7940a0000]
CodeCache: size=245760Kb, used=11552Kb, max_used=11687Kb, free=234205Kb
 total_blobs=5436, nmethods=4924, adapters=415, full_count=0
Compilation: enabled, stopped_count=0, restarted_count=0

Compilation events (20 events):
Event: 2.938 Thread 0x000001b7a9a11a00 4915       3       org.eclipse.aether.internal.impl.collect.DataPool$HardInternPool::intern (15 bytes)
Event: 2.938 Thread 0x000001b7a9a11a00 nmethod 4915 0x000001b78cdc7b08 code [0x000001b78cdc7c00, 0x000001b78cdc8280]
Event: 2.938 Thread 0x000001b7a9a11a00 4916       3       org.eclipse.aether.internal.impl.collect.DataPool$HardInternPool$$Lambda/0x000000000a20aad8::<init> (10 bytes)
Event: 2.938 Thread 0x000001b7a9a11a00 nmethod 4916 0x000001b78cdc8308 code [0x000001b78cdc8400, 0x000001b78cdc85b0]
Event: 2.938 Thread 0x000001b7a9a11a00 4917       3       org.eclipse.aether.internal.impl.collect.df.DfDependencyCollector::doRecurse (236 bytes)
Event: 2.939 Thread 0x000001b7a9a11a00 nmethod 4917 0x000001b78cdc8608 code [0x000001b78cdc8700, 0x000001b78cdca348]
Event: 2.940 Thread 0x000001b7a9a11a00 4918       3       org.apache.maven.model.io.xpp3.MavenXpp3Reader::<init> (12 bytes)
Event: 2.940 Thread 0x000001b7a9a11a00 nmethod 4918 0x000001b78cdca388 code [0x000001b78cdca480, 0x000001b78cdca7a8]
Event: 2.940 Thread 0x000001b7a9a11a00 4919       3       org.apache.maven.model.io.xpp3.MavenXpp3Reader$1::<init> (5 bytes)
Event: 2.940 Thread 0x000001b7a9a11a00 nmethod 4919 0x000001b78cdca808 code [0x000001b78cdca900, 0x000001b78cdcaa50]
Event: 2.941 Thread 0x000001b7a9a11a00 4920   !   3       org.apache.maven.model.Organization::clone (73 bytes)
Event: 2.942 Thread 0x000001b7a9a11a00 nmethod 4920 0x000001b78cdcab08 code [0x000001b78cdcac00, 0x000001b78cdcbc60]
Event: 2.942 Thread 0x000001b7a9a11a00 4921       3       org.apache.maven.model.InputLocation::merge (121 bytes)
Event: 2.942 Thread 0x000001b7a9a11a00 nmethod 4921 0x000001b78cdcbc88 code [0x000001b78cdcbd80, 0x000001b78cdccaf0]
Event: 2.945 Thread 0x000001b7a9a11a00 4922       3       org.apache.maven.model.building.ModelData::<init> (32 bytes)
Event: 2.945 Thread 0x000001b7a9a11a00 nmethod 4922 0x000001b78cdccb08 code [0x000001b78cdccc00, 0x000001b78cdccf88]
Event: 2.953 Thread 0x000001b7aebba270 4923       4       java.lang.ref.Reference::clear (5 bytes)
Event: 2.954 Thread 0x000001b7aebba270 nmethod 4923 0x000001b79429d888 code [0x000001b79429d980, 0x000001b79429da10]
Event: 2.954 Thread 0x000001b7a9a11a00 4924       3       org.apache.maven.model.License::<init> (5 bytes)
Event: 2.955 Thread 0x000001b7a9a11a00 nmethod 4924 0x000001b78cdcd008 code [0x000001b78cdcd100, 0x000001b78cdcd250]

GC Heap Usage History (20 events):
Event: 0.509 {heap After GC invocations=5 (full 0):
 garbage-first heap   total reserved 8318976K, committed 20480K, used 4137K [0x0000000604400000, 0x0000000800000000)
  region size 4M, 0 eden (0M), 1 survivor (4M), 1 old (4M), 0 humongous (0M), 3 free (12M)
}
Event: 0.564 {heap Before GC invocations=5 (full 0):
 garbage-first heap   total reserved 8318976K, committed 20480K, used 8233K [0x0000000604400000, 0x0000000800000000)
  region size 4M, 1 eden (4M), 1 survivor (4M), 1 old (4M), 0 humongous (0M), 2 free (8M)
}
Event: 0.567 {heap After GC invocations=6 (full 0):
 garbage-first heap   total reserved 8318976K, committed 28672K, used 4227K [0x0000000604400000, 0x0000000800000000)
  region size 4M, 0 eden (0M), 1 survivor (4M), 1 old (4M), 0 humongous (0M), 5 free (20M)
}
Event: 0.732 {heap Before GC invocations=6 (full 0):
 garbage-first heap   total reserved 8318976K, committed 28672K, used 16515K [0x0000000604400000, 0x0000000800000000)
  region size 4M, 3 eden (12M), 1 survivor (4M), 1 old (4M), 0 humongous (0M), 2 free (8M)
}
Event: 0.734 {heap After GC invocations=7 (full 0):
 garbage-first heap   total reserved 8318976K, committed 28672K, used 4849K [0x0000000604400000, 0x0000000800000000)
  region size 4M, 0 eden (0M), 1 survivor (4M), 1 old (4M), 0 humongous (0M), 5 free (20M)
}
Event: 0.912 {heap Before GC invocations=7 (full 0):
 garbage-first heap   total reserved 8318976K, committed 28672K, used 17137K [0x0000000604400000, 0x0000000800000000)
  region size 4M, 3 eden (12M), 1 survivor (4M), 1 old (4M), 0 humongous (0M), 2 free (8M)
}
Event: 0.915 {heap After GC invocations=8 (full 0):
 garbage-first heap   total reserved 8318976K, committed 28672K, used 5763K [0x0000000604400000, 0x0000000800000000)
  region size 4M, 0 eden (0M), 1 survivor (4M), 1 old (4M), 0 humongous (0M), 5 free (20M)
}
Event: 1.140 {heap Before GC invocations=8 (full 0):
 garbage-first heap   total reserved 8318976K, committed 28672K, used 18051K [0x0000000604400000, 0x0000000800000000)
  region size 4M, 3 eden (12M), 1 survivor (4M), 1 old (4M), 0 humongous (0M), 2 free (8M)
}
Event: 1.144 {heap After GC invocations=9 (full 0):
 garbage-first heap   total reserved 8318976K, committed 28672K, used 7128K [0x0000000604400000, 0x0000000800000000)
  region size 4M, 0 eden (0M), 1 survivor (4M), 1 old (4M), 0 humongous (0M), 5 free (20M)
}
Event: 1.390 {heap Before GC invocations=9 (full 0):
 garbage-first heap   total reserved 8318976K, committed 28672K, used 19416K [0x0000000604400000, 0x0000000800000000)
  region size 4M, 3 eden (12M), 1 survivor (4M), 1 old (4M), 0 humongous (0M), 2 free (8M)
}
Event: 1.395 {heap After GC invocations=10 (full 0):
 garbage-first heap   total reserved 8318976K, committed 28672K, used 8897K [0x0000000604400000, 0x0000000800000000)
  region size 4M, 0 eden (0M), 1 survivor (4M), 2 old (8M), 0 humongous (0M), 4 free (16M)
}
Event: 1.590 {heap Before GC invocations=10 (full 0):
 garbage-first heap   total reserved 8318976K, committed 28672K, used 21185K [0x0000000604400000, 0x0000000800000000)
  region size 4M, 3 eden (12M), 1 survivor (4M), 2 old (8M), 0 humongous (0M), 1 free (4M)
}
Event: 1.597 {heap After GC invocations=11 (full 0):
 garbage-first heap   total reserved 8318976K, committed 65536K, used 10906K [0x0000000604400000, 0x0000000800000000)
  region size 4M, 0 eden (0M), 1 survivor (4M), 2 old (8M), 0 humongous (0M), 13 free (52M)
}
Event: 1.998 {heap Before GC invocations=11 (full 0):
 garbage-first heap   total reserved 8318976K, committed 65536K, used 43674K [0x0000000604400000, 0x0000000800000000)
  region size 4M, 8 eden (32M), 1 survivor (4M), 2 old (8M), 0 humongous (0M), 5 free (20M)
}
Event: 2.005 {heap After GC invocations=12 (full 0):
 garbage-first heap   total reserved 8318976K, committed 65536K, used 13910K [0x0000000604400000, 0x0000000800000000)
  region size 4M, 0 eden (0M), 2 survivor (8M), 2 old (8M), 0 humongous (0M), 12 free (48M)
}
Event: 2.331 {heap Before GC invocations=12 (full 0):
 garbage-first heap   total reserved 8318976K, committed 65536K, used 42582K [0x0000000604400000, 0x0000000800000000)
  region size 4M, 7 eden (28M), 2 survivor (8M), 2 old (8M), 0 humongous (0M), 5 free (20M)
}
Event: 2.339 {heap After GC invocations=13 (full 0):
 garbage-first heap   total reserved 8318976K, committed 65536K, used 16636K [0x0000000604400000, 0x0000000800000000)
  region size 4M, 0 eden (0M), 2 survivor (8M), 3 old (12M), 0 humongous (0M), 11 free (44M)
}
Event: 2.628 {heap Before GC invocations=13 (full 0):
 garbage-first heap   total reserved 8318976K, committed 65536K, used 45308K [0x0000000604400000, 0x0000000800000000)
  region size 4M, 7 eden (28M), 2 survivor (8M), 3 old (12M), 0 humongous (0M), 4 free (16M)
}
Event: 2.634 {heap After GC invocations=14 (full 0):
 garbage-first heap   total reserved 8318976K, committed 65536K, used 19010K [0x0000000604400000, 0x0000000800000000)
  region size 4M, 0 eden (0M), 2 survivor (8M), 4 old (16M), 0 humongous (0M), 10 free (40M)
}
Event: 2.964 {heap Before GC invocations=14 (full 0):
 garbage-first heap   total reserved 8318976K, committed 65536K, used 47682K [0x0000000604400000, 0x0000000800000000)
  region size 4M, 7 eden (28M), 2 survivor (8M), 4 old (16M), 0 humongous (0M), 3 free (12M)
}

Metaspace Usage History (20 events):
Event: 0.509 {metaspace After GC invocations=5 (full 0):
 Metaspace       used 4989K, committed 5120K, reserved 1114112K
  class space    used 586K, committed 640K, reserved 1048576K
}
Event: 0.564 {metaspace Before GC invocations=5 (full 0):
 Metaspace       used 5475K, committed 5632K, reserved 1114112K
  class space    used 657K, committed 768K, reserved 1048576K
}
Event: 0.567 {metaspace After GC invocations=6 (full 0):
 Metaspace       used 5475K, committed 5632K, reserved 1114112K
  class space    used 657K, committed 768K, reserved 1048576K
}
Event: 0.732 {metaspace Before GC invocations=6 (full 0):
 Metaspace       used 6761K, committed 6912K, reserved 1114112K
  class space    used 815K, committed 896K, reserved 1048576K
}
Event: 0.734 {metaspace After GC invocations=7 (full 0):
 Metaspace       used 6761K, committed 6912K, reserved 1114112K
  class space    used 815K, committed 896K, reserved 1048576K
}
Event: 0.912 {metaspace Before GC invocations=7 (full 0):
 Metaspace       used 9099K, committed 9280K, reserved 1114112K
  class space    used 1124K, committed 1216K, reserved 1048576K
}
Event: 0.915 {metaspace After GC invocations=8 (full 0):
 Metaspace       used 9099K, committed 9280K, reserved 1114112K
  class space    used 1124K, committed 1216K, reserved 1048576K
}
Event: 1.140 {metaspace Before GC invocations=8 (full 0):
 Metaspace       used 11493K, committed 11648K, reserved 1114112K
  class space    used 1463K, committed 1536K, reserved 1048576K
}
Event: 1.144 {metaspace After GC invocations=9 (full 0):
 Metaspace       used 11493K, committed 11648K, reserved 1114112K
  class space    used 1463K, committed 1536K, reserved 1048576K
}
Event: 1.390 {metaspace Before GC invocations=9 (full 0):
 Metaspace       used 13980K, committed 14208K, reserved 1114112K
  class space    used 1768K, committed 1856K, reserved 1048576K
}
Event: 1.395 {metaspace After GC invocations=10 (full 0):
 Metaspace       used 13980K, committed 14208K, reserved 1114112K
  class space    used 1768K, committed 1856K, reserved 1048576K
}
Event: 1.590 {metaspace Before GC invocations=10 (full 0):
 Metaspace       used 14520K, committed 14784K, reserved 1114112K
  class space    used 1809K, committed 1920K, reserved 1048576K
}
Event: 1.597 {metaspace After GC invocations=11 (full 0):
 Metaspace       used 14520K, committed 14784K, reserved 1114112K
  class space    used 1809K, committed 1920K, reserved 1048576K
}
Event: 1.998 {metaspace Before GC invocations=11 (full 0):
 Metaspace       used 14997K, committed 15232K, reserved 1114112K
  class space    used 1831K, committed 1920K, reserved 1048576K
}
Event: 2.005 {metaspace After GC invocations=12 (full 0):
 Metaspace       used 14997K, committed 15232K, reserved 1114112K
  class space    used 1831K, committed 1920K, reserved 1048576K
}
Event: 2.331 {metaspace Before GC invocations=12 (full 0):
 Metaspace       used 16160K, committed 16384K, reserved 1114112K
  class space    used 1973K, committed 2048K, reserved 1048576K
}
Event: 2.339 {metaspace After GC invocations=13 (full 0):
 Metaspace       used 16160K, committed 16384K, reserved 1114112K
  class space    used 1973K, committed 2048K, reserved 1048576K
}
Event: 2.628 {metaspace Before GC invocations=13 (full 0):
 Metaspace       used 16461K, committed 16768K, reserved 1114112K
  class space    used 1975K, committed 2112K, reserved 1048576K
}
Event: 2.634 {metaspace After GC invocations=14 (full 0):
 Metaspace       used 16461K, committed 16768K, reserved 1114112K
  class space    used 1975K, committed 2112K, reserved 1048576K
}
Event: 2.964 {metaspace Before GC invocations=14 (full 0):
 Metaspace       used 16707K, committed 16960K, reserved 1114112K
  class space    used 1985K, committed 2112K, reserved 1048576K
}

Dll operation events (14 events):
Event: 0.026 Attempting to load shared library C:\Users\darvik\scoop\apps\openjdk26\current\bin\java.dll
Event: 0.028 Loaded shared library C:\Users\darvik\scoop\apps\openjdk26\current\bin\java.dll
Event: 0.100 Attempting to load shared library C:\Users\darvik\scoop\apps\openjdk26\26-35\bin\net.dll
Event: 0.100 Loaded shared library C:\Users\darvik\scoop\apps\openjdk26\26-35\bin\net.dll
Event: 0.101 Attempting to load shared library C:\Users\darvik\scoop\apps\openjdk26\26-35\bin\nio.dll
Event: 0.102 Loaded shared library C:\Users\darvik\scoop\apps\openjdk26\26-35\bin\nio.dll
Event: 0.105 Attempting to load shared library C:\Users\darvik\scoop\apps\openjdk26\26-35\bin\zip.dll
Event: 0.105 Loaded shared library C:\Users\darvik\scoop\apps\openjdk26\26-35\bin\zip.dll
Event: 0.217 Attempting to load shared library C:\Users\darvik\scoop\apps\maven\3.9.15\lib\jansi-native\Windows\x86_64\jansi.dll
Event: 0.217 Loaded shared library C:\Users\darvik\scoop\apps\maven\3.9.15\lib\jansi-native\Windows\x86_64\jansi.dll
Event: 0.217 Attempting to load shared library C:\Users\darvik\scoop\apps\openjdk26\26-35\bin\jimage.dll
Event: 0.218 Loaded shared library C:\Users\darvik\scoop\apps\openjdk26\26-35\bin\jimage.dll
Event: 0.226 Attempting to load shared library C:\Users\darvik\scoop\apps\openjdk26\current\bin\verify.dll
Event: 0.227 Loaded shared library C:\Users\darvik\scoop\apps\openjdk26\current\bin\verify.dll

Deoptimization events (20 events):
Event: 2.742 Thread 0x000001b781e179d0 DEOPT PACKING pc=0x000001b7942705f4 sp=0x000000aaa02fcfe0
Event: 2.742 Thread 0x000001b781e179d0 DEOPT UNPACKING pc=0x000001b793c35882 sp=0x000000aaa02fcf30 mode 2
Event: 2.852 Thread 0x000001b781e179d0 Uncommon trap: trap_request=0xffffffbe fr.pc=0x000001b794295cbc relative=0x00000000000001bc
Event: 2.852 Thread 0x000001b781e179d0 Uncommon trap: reason=profile_predicate action=maybe_recompile pc=0x000001b794295cbc method=java.util.HashMap.keysToArray([Ljava/lang/Object;)[Ljava/lang/Object; @ 36 c2
Event: 2.852 Thread 0x000001b781e179d0 DEOPT PACKING pc=0x000001b794295cbc sp=0x000000aaa02fce20
Event: 2.852 Thread 0x000001b781e179d0 DEOPT UNPACKING pc=0x000001b793c35882 sp=0x000000aaa02fcda0 mode 2
Event: 2.852 Thread 0x000001b781e179d0 Uncommon trap: trap_request=0xffffffbe fr.pc=0x000001b794295cbc relative=0x00000000000001bc
Event: 2.852 Thread 0x000001b781e179d0 Uncommon trap: reason=profile_predicate action=maybe_recompile pc=0x000001b794295cbc method=java.util.HashMap.keysToArray([Ljava/lang/Object;)[Ljava/lang/Object; @ 36 c2
Event: 2.852 Thread 0x000001b781e179d0 DEOPT PACKING pc=0x000001b794295cbc sp=0x000000aaa02fcd60
Event: 2.852 Thread 0x000001b781e179d0 DEOPT UNPACKING pc=0x000001b793c35882 sp=0x000000aaa02fcce0 mode 2
Event: 2.852 Thread 0x000001b781e179d0 Uncommon trap: trap_request=0xffffffbe fr.pc=0x000001b794295cbc relative=0x00000000000001bc
Event: 2.852 Thread 0x000001b781e179d0 Uncommon trap: reason=profile_predicate action=maybe_recompile pc=0x000001b794295cbc method=java.util.HashMap.keysToArray([Ljava/lang/Object;)[Ljava/lang/Object; @ 36 c2
Event: 2.852 Thread 0x000001b781e179d0 DEOPT PACKING pc=0x000001b794295cbc sp=0x000000aaa02fd170
Event: 2.852 Thread 0x000001b781e179d0 DEOPT UNPACKING pc=0x000001b793c35882 sp=0x000000aaa02fd0f0 mode 2
Event: 2.852 Thread 0x000001b781e179d0 Uncommon trap: trap_request=0xffffffbe fr.pc=0x000001b794295cbc relative=0x00000000000001bc
Event: 2.852 Thread 0x000001b781e179d0 Uncommon trap: reason=profile_predicate action=maybe_recompile pc=0x000001b794295cbc method=java.util.HashMap.keysToArray([Ljava/lang/Object;)[Ljava/lang/Object; @ 36 c2
Event: 2.852 Thread 0x000001b781e179d0 DEOPT PACKING pc=0x000001b794295cbc sp=0x000000aaa02fd0b0
Event: 2.852 Thread 0x000001b781e179d0 DEOPT UNPACKING pc=0x000001b793c35882 sp=0x000000aaa02fd030 mode 2
Event: 2.899 Thread 0x000001b781e179d0 DEOPT PACKING pc=0x000001b78c806c7d sp=0x000000aaa02fcd70
Event: 2.899 Thread 0x000001b781e179d0 DEOPT UNPACKING pc=0x000001b793b61a02 sp=0x000000aaa02fc2a8 mode 0

Classes loaded (20 events):
Event: 1.426 Loading class java/lang/invoke/ClassSpecializer$Factory$1$5
Event: 1.426 Loading class java/lang/invoke/ClassSpecializer$Factory$1$5 done
Event: 1.426 Loading class java/lang/invoke/ClassSpecializer$Factory$1$5$1
Event: 1.426 Loading class java/lang/invoke/ClassSpecializer$Factory$1$5$1 done
Event: 1.481 Loading class java/util/stream/Streams$RangeIntSpliterator
Event: 1.481 Loading class java/util/stream/Streams$RangeIntSpliterator done
Event: 1.809 Loading class sun/nio/cs/ISO_8859_1$Decoder
Event: 1.810 Loading class sun/nio/cs/ISO_8859_1$Decoder done
Event: 2.145 Loading class jdk/internal/util/Exceptions$SensitiveInfo
Event: 2.146 Loading class jdk/internal/util/Exceptions$SensitiveInfo done
Event: 2.146 Loading class jdk/internal/util/Exceptions$JarInfo
Event: 2.146 Loading class jdk/internal/util/Exceptions$JarInfo done
Event: 2.178 Loading class java/net/URISyntaxException
Event: 2.178 Loading class java/net/URISyntaxException done
Event: 2.179 Loading class java/nio/file/FileSystemAlreadyExistsException
Event: 2.180 Loading class java/nio/file/FileSystemAlreadyExistsException done
Event: 2.193 Loading class java/util/zip/ZipException
Event: 2.193 Loading class java/util/zip/ZipException done
Event: 2.217 Loading class java/nio/file/FileAlreadyExistsException
Event: 2.219 Loading class java/nio/file/FileAlreadyExistsException done

Classes unloaded (0 events):
No events

Classes redefined (0 events):
No events

Internal exceptions (20 events):
Event: 0.467 Thread 0x000001b781e179d0 Exception <a 'java/lang/NoSuchMethodError'{0x0000000604e5f2f0}: 'int java.lang.invoke.DirectMethodHandle$Holder.invokeSpecialIFC(java.lang.Object, java.lang.Object, java.lang.Object, java.lang.Object, java.lang.Object)'> (0x0000000604e5f2f0) 
thrown [s\open\src\hotspot\share\interpreter\linkResolver.cpp, line 804]
Event: 0.500 Thread 0x000001b781e179d0 Exception <a 'java/lang/NoSuchMethodError'{0x0000000604fa9728}: 'java.lang.Object java.lang.invoke.DirectMethodHandle$Holder.newInvokeSpecial(java.lang.Object, java.lang.Object, java.lang.Object, java.lang.Object, java.lang.Object)'> (0x0000000604fa9728) 
thrown [s\open\src\hotspot\share\interpreter\linkResolver.cpp, line 804]
Event: 0.525 Thread 0x000001b781e179d0 Exception <a 'java/lang/NoSuchMethodError'{0x00000007ffcc2260}: 'int java.lang.invoke.DirectMethodHandle$Holder.invokeStaticInit(java.lang.Object, java.lang.Object)'> (0x00000007ffcc2260) 
thrown [s\open\src\hotspot\share\interpreter\linkResolver.cpp, line 804]
Event: 0.530 Thread 0x000001b781e179d0 Exception <a 'java/lang/NoClassDefFoundError'{0x00000007ffcf9638}: javax/enterprise/inject/Typed> (0x00000007ffcf9638) 
thrown [s\open\src\hotspot\share\classfile\systemDictionary.cpp, line 318]
Event: 1.013 Thread 0x000001b781e179d0 Exception <a 'java/lang/NoSuchMethodError'{0x0000000605970860}: 'void java.lang.invoke.DirectMethodHandle$Holder.invokeStaticInit(java.lang.Object, java.lang.Object, java.lang.Object)'> (0x0000000605970860) 
thrown [s\open\src\hotspot\share\interpreter\linkResolver.cpp, line 804]
Event: 1.025 Thread 0x000001b781e179d0 Implicit null exception at 0x000001b794117a1d to 0x000001b794117bac
Event: 1.027 Thread 0x000001b781e179d0 Exception <a 'java/lang/NoSuchMethodError'{0x00000006059ff0e8}: 'java.lang.Object java.lang.invoke.Invokers$Holder.invokeExact_MT(java.lang.Object, int, java.lang.Object)'> (0x00000006059ff0e8) 
thrown [s\open\src\hotspot\share\interpreter\linkResolver.cpp, line 804]
Event: 1.178 Thread 0x000001b781e179d0 Exception <a 'java/lang/NoSuchMethodError'{0x00000007ffdec698}: 'void java.lang.invoke.Invokers$Holder.invokeExact_MT(java.lang.Object, java.lang.Object, java.lang.Object, java.lang.Object)'> (0x00000007ffdec698) 
thrown [s\open\src\hotspot\share\interpreter\linkResolver.cpp, line 804]
Event: 1.187 Thread 0x000001b781e179d0 Exception <a 'java/lang/NoClassDefFoundError'{0x00000007ffe70070}: com/google/inject/servlet/ServletModuleTargetVisitor> (0x00000007ffe70070) 
thrown [s\open\src\hotspot\share\classfile\systemDictionary.cpp, line 318]
Event: 1.261 Thread 0x000001b781e179d0 Exception <a 'java/lang/NoSuchMethodError'{0x00000006058ea960}: 'java.lang.Object java.lang.invoke.DirectMethodHandle$Holder.invokeStaticInit(java.lang.Object, int, int, int, int)'> (0x00000006058ea960) 
thrown [s\open\src\hotspot\share\interpreter\linkResolver.cpp, line 804]
Event: 1.281 Thread 0x000001b781e179d0 Exception <a 'java/lang/NoSuchMethodError'{0x00000006059f9a00}: 'void java.lang.invoke.DirectMethodHandle$Holder.invokeSpecial(java.lang.Object, java.lang.Object, java.lang.Object, java.lang.Object, java.lang.Object)'> (0x00000006059f9a00) 
thrown [s\open\src\hotspot\share\interpreter\linkResolver.cpp, line 804]
Event: 1.359 Thread 0x000001b781e179d0 Exception <a 'java/lang/NoSuchMethodError'{0x000000060555fd70}: 'void java.lang.invoke.DirectMethodHandle$Holder.invokeSpecial(java.lang.Object, java.lang.Object, java.lang.Object, java.lang.Object, java.lang.Object, java.lang.Object)'> (0x000000060555fd70) 
thrown [s\open\src\hotspot\share\interpreter\linkResolver.cpp, line 804]
Event: 1.368 Thread 0x000001b781e179d0 Exception <a 'java/lang/NoSuchMethodError'{0x00000006056af958}: 'java.lang.Object java.lang.invoke.DirectMethodHandle$Holder.invokeVirtual(java.lang.Object, java.lang.Object, java.lang.Object)'> (0x00000006056af958) 
thrown [s\open\src\hotspot\share\interpreter\linkResolver.cpp, line 804]
Event: 1.423 Thread 0x000001b781e179d0 Exception <a 'java/lang/NoSuchMethodError'{0x00000007ffdc40c8}: 'void java.lang.invoke.DirectMethodHandle$Holder.invokeVirtual(java.lang.Object, java.lang.Object, int)'> (0x00000007ffdc40c8) 
thrown [s\open\src\hotspot\share\interpreter\linkResolver.cpp, line 804]
Event: 1.426 Thread 0x000001b781e179d0 Exception <a 'java/lang/NoSuchMethodError'{0x00000007ffddc8f8}: 'java.lang.Object java.lang.invoke.DirectMethodHandle$Holder.invokeStatic(java.lang.Object, java.lang.Object, java.lang.Object, java.lang.Object, int)'> (0x00000007ffddc8f8) 
thrown [s\open\src\hotspot\share\interpreter\linkResolver.cpp, line 804]
Event: 1.428 Thread 0x000001b781e179d0 Exception <a 'java/lang/NoSuchMethodError'{0x00000007ffdee028}: 'void java.lang.invoke.DirectMethodHandle$Holder.invokeSpecial(java.lang.Object, java.lang.Object, java.lang.Object, int)'> (0x00000007ffdee028) 
thrown [s\open\src\hotspot\share\interpreter\linkResolver.cpp, line 804]
Event: 1.428 Thread 0x000001b781e179d0 Exception <a 'java/lang/NoSuchMethodError'{0x00000007ffdf6778}: 'void java.lang.invoke.DelegatingMethodHandle$Holder.reinvoke_L(java.lang.Object, java.lang.Object, int)'> (0x00000007ffdf6778) 
thrown [s\open\src\hotspot\share\interpreter\linkResolver.cpp, line 804]
Event: 1.432 Thread 0x000001b781e179d0 Implicit null exception at 0x000001b7941400b6 to 0x000001b794140a9c
Event: 1.433 Thread 0x000001b781e179d0 Implicit null exception at 0x000001b7940dca36 to 0x000001b7940dd428
Event: 2.214 Thread 0x000001b781e179d0 Exception <a 'java/lang/NoSuchMethodError'{0x00000006077eeb48}: 'void java.lang.invoke.DirectMethodHandle$Holder.invokeStatic(java.lang.Object, java.lang.Object, java.lang.Object, java.lang.Object)'> (0x00000006077eeb48) 
thrown [s\open\src\hotspot\share\interpreter\linkResolver.cpp, line 804]

VM Operations (20 events):
Event: 1.272 Executing non-safepoint VM operation: HandshakeAllThreads (Deoptimize) done
Event: 1.307 Executing non-safepoint VM operation: HandshakeAllThreads (Deoptimize)
Event: 1.307 Executing non-safepoint VM operation: HandshakeAllThreads (Deoptimize) done
Event: 1.308 Executing non-safepoint VM operation: HandshakeAllThreads (Deoptimize)
Event: 1.308 Executing non-safepoint VM operation: HandshakeAllThreads (Deoptimize) done
Event: 1.390 Executing safepoint VM operation: G1CollectForAllocation (G1 Evacuation Pause)
Event: 1.395 Executing safepoint VM operation: G1CollectForAllocation (G1 Evacuation Pause) done
Event: 1.590 Executing safepoint VM operation: G1CollectForAllocation (G1 Evacuation Pause)
Event: 1.597 Executing safepoint VM operation: G1CollectForAllocation (G1 Evacuation Pause) done
Event: 1.810 Executing non-safepoint VM operation: HandshakeAllThreads (Deoptimize)
Event: 1.810 Executing non-safepoint VM operation: HandshakeAllThreads (Deoptimize) done
Event: 1.810 Executing non-safepoint VM operation: HandshakeAllThreads (Deoptimize)
Event: 1.810 Executing non-safepoint VM operation: HandshakeAllThreads (Deoptimize) done
Event: 1.998 Executing safepoint VM operation: G1CollectForAllocation (G1 Evacuation Pause)
Event: 2.005 Executing safepoint VM operation: G1CollectForAllocation (G1 Evacuation Pause) done
Event: 2.331 Executing safepoint VM operation: G1CollectForAllocation (G1 Evacuation Pause)
Event: 2.339 Executing safepoint VM operation: G1CollectForAllocation (G1 Evacuation Pause) done
Event: 2.628 Executing safepoint VM operation: G1CollectForAllocation (G1 Evacuation Pause)
Event: 2.634 Executing safepoint VM operation: G1CollectForAllocation (G1 Evacuation Pause) done
Event: 2.964 Executing safepoint VM operation: G1CollectForAllocation (G1 Evacuation Pause)

Memory protections (0 events):
No events

Nmethod flushes (0 events):
No events

Events (15 events):
Event: 0.059 Thread 0x000001b781e179d0 Thread added: 0x000001b781e179d0
Event: 0.087 Thread 0x000001b781e179d0 Thread added: 0x000001b7a99e1d00
Event: 0.087 Thread 0x000001b781e179d0 Thread added: 0x000001b7a99e2750
Event: 0.088 Thread 0x000001b781e179d0 Thread added: 0x000001b7a99e54a0
Event: 0.088 Thread 0x000001b781e179d0 Thread added: 0x000001b7a99e7060
Event: 0.088 Thread 0x000001b781e179d0 Thread added: 0x000001b7a99e7c10
Event: 0.088 Thread 0x000001b781e179d0 Thread added: 0x000001b7a99f1f20
Event: 0.088 Thread 0x000001b781e179d0 Thread added: 0x000001b7a99fb220
Event: 0.088 Thread 0x000001b781e179d0 Thread added: 0x000001b7a9a11a00
Event: 0.097 Thread 0x000001b781e179d0 Thread added: 0x000001b7ae0e7a70
Event: 0.098 Thread 0x000001b781e179d0 Thread added: 0x000001b7ae0ea680
Event: 0.215 Thread 0x000001b781e179d0 Thread added: 0x000001b7ae3575a0
Event: 0.223 Thread 0x000001b7ae3575a0 Thread exited: 0x000001b7ae3575a0
Event: 0.338 Thread 0x000001b7a9a11a00 Thread added: 0x000001b7aeb36a80
Event: 0.549 Thread 0x000001b7a9a11a00 Thread added: 0x000001b7aebba270


Dynamic libraries:
0x00007ff687980000 - 0x00007ff68798e000 	C:\Users\darvik\scoop\apps\openjdk26\current\bin\java.exe
0x00007ffe63320000 - 0x00007ffe63586000 	C:\Windows\SYSTEM32\ntdll.dll
0x00007ffe61e40000 - 0x00007ffe61f09000 	C:\Windows\System32\KERNEL32.DLL
0x00007ffe60590000 - 0x00007ffe6098f000 	C:\Windows\System32\KERNELBASE.dll
0x00007ffe60cd0000 - 0x00007ffe60e1c000 	C:\Windows\System32\ucrtbase.dll
0x00007ffe24cd0000 - 0x00007ffe24ce7000 	C:\Users\darvik\scoop\apps\openjdk26\current\bin\jli.dll
0x00007ffe1f580000 - 0x00007ffe1f59e000 	C:\Users\darvik\scoop\apps\openjdk26\current\bin\VCRUNTIME140.dll
0x00007ffe61c70000 - 0x00007ffe61e36000 	C:\Windows\System32\USER32.dll
0x00007ffe609a0000 - 0x00007ffe609c7000 	C:\Windows\System32\win32u.dll
0x00007ffe45e40000 - 0x00007ffe460d1000 	C:\Windows\WinSxS\amd64_microsoft.windows.common-controls_6595b64144ccf1df_6.0.26100.8972_none_3e0da176e32f9d4b\COMCTL32.dll
0x00007ffe61bc0000 - 0x00007ffe61c69000 	C:\Windows\System32\msvcrt.dll
0x00007ffe62560000 - 0x00007ffe6258b000 	C:\Windows\System32\GDI32.dll
0x00007ffe60e30000 - 0x00007ffe60f59000 	C:\Windows\System32\gdi32full.dll
0x00007ffe60b60000 - 0x00007ffe60c03000 	C:\Windows\System32\msvcp_win.dll
0x00007ffe615b0000 - 0x00007ffe615e2000 	C:\Windows\System32\IMM32.DLL
0x00007ffe4a720000 - 0x00007ffe4a72c000 	C:\Users\darvik\scoop\apps\openjdk26\current\bin\vcruntime140_1.dll
0x00007ffe00d90000 - 0x00007ffe00e1d000 	C:\Users\darvik\scoop\apps\openjdk26\current\bin\msvcp140.dll
0x00007ffda1700000 - 0x00007ffda25ce000 	C:\Users\darvik\scoop\apps\openjdk26\current\bin\server\jvm.dll
0x00007ffe61a60000 - 0x00007ffe61b1c000 	C:\Windows\System32\ADVAPI32.dll
0x00007ffe61600000 - 0x00007ffe616aa000 	C:\Windows\System32\sechost.dll
0x00007ffe620b0000 - 0x00007ffe621c8000 	C:\Windows\System32\RPCRT4.dll
0x00007ffe62590000 - 0x00007ffe62612000 	C:\Windows\System32\WS2_32.dll
0x00007ffe60360000 - 0x00007ffe603be000 	C:\Windows\SYSTEM32\POWRPROF.dll
0x00007ffe452f0000 - 0x00007ffe452fb000 	C:\Windows\SYSTEM32\VERSION.dll
0x00007ffe52ce0000 - 0x00007ffe52d16000 	C:\Windows\SYSTEM32\WINMM.dll
0x00007ffe60340000 - 0x00007ffe60355000 	C:\Windows\SYSTEM32\UMPDC.dll
0x00007ffe5f1f0000 - 0x00007ffe5f20b000 	C:\Windows\SYSTEM32\kernel.appcore.dll
0x00007ffe205b0000 - 0x00007ffe205ba000 	C:\Users\darvik\scoop\apps\openjdk26\current\bin\jimage.dll
0x00007ffe5d7b0000 - 0x00007ffe5d9f2000 	C:\Windows\SYSTEM32\DBGHELP.DLL
0x00007ffe621d0000 - 0x00007ffe62555000 	C:\Windows\System32\combase.dll
0x00007ffe61fd0000 - 0x00007ffe620a9000 	C:\Windows\System32\OLEAUT32.dll
0x00007ffe4bd60000 - 0x00007ffe4bd9b000 	C:\Windows\SYSTEM32\dbgcore.DLL
0x00007ffe60f60000 - 0x00007ffe6100c000 	C:\Windows\System32\bcryptPrimitives.dll
0x00007ffe051a0000 - 0x00007ffe051bf000 	C:\Users\darvik\scoop\apps\openjdk26\current\bin\java.dll
0x00007ffe61720000 - 0x00007ffe618b9000 	C:\Windows\System32\ole32.dll
0x00007ffe62b20000 - 0x00007ffe632a8000 	C:\Windows\System32\SHELL32.dll
0x00007ffe5df80000 - 0x00007ffe5e81b000 	C:\Windows\SYSTEM32\windows.storage.dll
0x00007ffe62620000 - 0x00007ffe62719000 	C:\Windows\System32\SHCORE.dll
0x00007ffe616b0000 - 0x00007ffe61716000 	C:\Windows\System32\shlwapi.dll
0x00007ffe60420000 - 0x00007ffe60449000 	C:\Windows\SYSTEM32\profapi.dll
0x00007ffe04b50000 - 0x00007ffe04b62000 	C:\Users\darvik\scoop\apps\openjdk26\26-35\bin\net.dll
0x00007ffe5f7a0000 - 0x00007ffe5f80c000 	C:\Windows\system32\mswsock.dll
0x00007ffe04410000 - 0x00007ffe04426000 	C:\Users\darvik\scoop\apps\openjdk26\26-35\bin\nio.dll
0x00007ffe04350000 - 0x00007ffe04367000 	C:\Users\darvik\scoop\apps\openjdk26\26-35\bin\zip.dll
0x00007ffe032e0000 - 0x00007ffe03304000 	C:\Users\darvik\scoop\apps\maven\3.9.15\lib\jansi-native\Windows\x86_64\jansi.dll
0x00007ffe20300000 - 0x00007ffe20310000 	C:\Users\darvik\scoop\apps\openjdk26\current\bin\verify.dll

JVMTI agents: none

dbghelp: loaded successfully - version: 4.0.5 - missing functions: none
symbol engine: initialized successfully - sym options: 0x614 - pdb path: .;C:\Users\darvik\scoop\apps\openjdk26\current\bin;C:\Windows\SYSTEM32;C:\Windows\WinSxS\amd64_microsoft.windows.common-controls_6595b64144ccf1df_6.0.26100.8972_none_3e0da176e32f9d4b;C:\Users\darvik\scoop\apps\openjdk26\current\bin\server;C:\Users\darvik\scoop\apps\openjdk26\26-35\bin;C:\Users\darvik\scoop\apps\maven\3.9.15\lib\jansi-native\Windows\x86_64

VM Arguments:
jvm_args: --enable-native-access=ALL-UNNAMED --sun-misc-unsafe-memory-access=allow -Dio.netty.tryReflectionSetAccessible=true --enable-native-access=ALL-UNNAMED -Dclassworlds.conf=C:\Users\darvik\scoop\apps\maven\current\bin\m2.conf -Dmaven.home=C:\Users\darvik\scoop\apps\maven\current -Dlibrary.jansi.path=C:\Users\darvik\scoop\apps\maven\current\lib\jansi-native -Dmaven.multiModuleProjectDirectory=D:\Projects\java\note-keeper 
java_command: org.codehaus.plexus.classworlds.launcher.Launcher compile -pl note-keeper-service -q
java_class_path (initial): C:\Users\darvik\scoop\apps\maven\current\boot\plexus-classworlds-2.9.0.jar
Launcher Type: SUN_STANDARD

[Global flags]
     bool AOTAdapterCaching                        = false                                  {diagnostic} {ergonomic}
     bool AOTInvokeDynamicLinking                  = false                                  {diagnostic} {ergonomic}
     bool AOTRecordTraining                        = false                                  {diagnostic} {ergonomic}
     bool AOTReplayTraining                        = false                                  {diagnostic} {ergonomic}
     bool AOTStubCaching                           = false                                  {diagnostic} {ergonomic}
     intx CICompilerCount                          = 4                                         {product} {ergonomic}
     uint ConcGCThreads                            = 3                                         {product} {ergonomic}
     uint G1ConcRefinementThreads                  = 10                                        {product} {ergonomic}
     uint G1EagerReclaimRemSetThreshold            = 32                                   {experimental} {ergonomic}
   size_t G1HeapRegionSize                         = 4194304                                   {product} {ergonomic}
     uint G1RemSetArrayOfCardsEntries              = 32                                   {experimental} {ergonomic}
     uint G1RemSetHowlMaxNumBuckets                = 8                                    {experimental} {ergonomic}
     uint G1RemSetHowlNumBuckets                   = 8                                    {experimental} {ergonomic}
   size_t InitialHeapSize                          = 8388608                                   {product} {ergonomic}
     bool IntelJccErratumMitigation                = false                             {ARCH diagnostic} {ergonomic}
   size_t MarkStackSize                            = 4194304                                   {product} {ergonomic}
   size_t MarkStackSizeMax                         = 536870912                                 {product} {ergonomic}
   size_t MaxHeapSize                              = 8518631424                                {product} {ergonomic}
   size_t MaxNewSize                               = 5108662272                                {product} {ergonomic}
 uint64_t MaxRAM                                   = 34070847488                               {product} {ergonomic}
   size_t MinHeapDeltaBytes                        = 4194304                                   {product} {ergonomic}
   size_t MinHeapSize                              = 8388608                                   {product} {ergonomic}
   size_t NonNMethodCodeHeapSize                   = 5832704                                {pd product} {ergonomic}
   size_t NonProfiledCodeHeapSize                  = 122945536                              {pd product} {ergonomic}
   size_t ProfiledCodeHeapSize                     = 122880000                              {pd product} {ergonomic}
   size_t ReservedCodeCacheSize                    = 251658240                              {pd product} {ergonomic}
     bool SegmentedCodeCache                       = true                                      {product} {ergonomic}
   size_t SoftMaxHeapSize                          = 8518631424                             {manageable} {ergonomic}
     bool UseCompressedOops                        = true                           {product lp64_product} {ergonomic}
     bool UseCondCardMark                          = true                                      {product} {ergonomic}
     bool UseFastUnorderedTimeStamps               = true                                 {experimental} {ergonomic}
     bool UseG1GC                                  = true                                      {product} {ergonomic}
     bool UseLargePagesIndividualAllocation        = false                                  {pd product} {ergonomic}
      int X86ICacheSync                            = 3                                 {ARCH diagnostic} {ergonomic}

Logging:
Log output configuration:
 #0: stdout all=warning uptime,level,tags foldmultilines=false
 #1: stderr all=off uptime,level,tags foldmultilines=false

Release file:
IMPLEMENTOR="Oracle Corporation" 
JAVA_RUNTIME_VERSION="26+35-2893" 
JAVA_VERSION="26" 
JAVA_VERSION_DATE="2026-03-17" 
LIBC="default" 
MODULES="java.base java.compiler java.datatransfer java.xml java.prefs java.desktop java.instrument java.logging java.management java.security.sasl java.naming java.rmi java.management.rmi java.net.http java.scripting java.security.jgss java.transaction.xa java.sql java.sql.rowset java.xml.crypto java.se java.smartcardio jdk.accessibility jdk.internal.jvmstat jdk.attach jdk.charsets jdk.internal.opt jdk.zipfs jdk.compiler jdk.crypto.cryptoki jdk.crypto.ec jdk.crypto.mscapi jdk.dynalink jdk.internal.ed jdk.editpad jdk.internal.vm.ci jdk.graal.compiler jdk.graal.compiler.management jdk.hotspot.agent jdk.httpserver jdk.incubator.vector jdk.internal.le jdk.internal.md jdk.jartool jdk.javadoc jdk.jcmd jdk.management jdk.management.agent jdk.jconsole jdk.jdeps jdk.jdwp.agent jdk.jdi jdk.jfr jdk.jlink jdk.jpackage jdk.jshell jdk.jstatd jdk.localedata jdk.management.jfr jdk.naming.dns jdk.naming.rmi jdk.net jdk.nio.mapmode jdk.sctp jdk.security.auth jdk.security.jgss jdk.unsupported jdk.unsupported.desktop jdk.xml.dom" 
OS_ARCH="x86_64" 
OS_NAME="Windows" 
SOURCE=".:git:4408cd2a07a1" 

Environment Variables:
JAVA_HOME=C:\Users\darvik\scoop\apps\openjdk26\current
PATH=C:\Program Files\WindowsApps\Microsoft.PowerShell_7.6.5.0_x64__8wekyb3d8bbwe;C:\Windows\system32;C:\Windows;C:\Windows\System32\Wbem;C:\Windows\System32\WindowsPowerShell\v1.0\;C:\Windows\System32\OpenSSH\;C:\Program Files\usbipd-win\;C:\Program Files (x86)\Windows Kits\10\Windows Performance Toolkit\;C:\Program Files\Qoder\bin;C:\Program Files\Git\cmd;C:\Program Files\Qoder IDE\bin;C:\Users\darvik\scoop\apps\nodejs24\current\bin;C:\Users\darvik\scoop\apps\nodejs24\current;C:\Users\darvik\scoop\apps\openjdk26\current\bin;C:\Users\darvik\scoop\apps\nodejs\current\bin;C:\Users\darvik\scoop\apps\nodejs\current;C:\Users\darvik\scoop\apps\openssl\current\bin;C:\Users\darvik\scoop\apps\maven\current\bin;C:\Users\darvik\scoop\apps\python313\current\Scripts;C:\Users\darvik\scoop\apps\python313\current;C:\Users\darvik\scoop\apps\gcc\current\bin;C:\Users\darvik\go\bin;C:\Users\darvik\scoop\shims;C:\Users\darvik\AppData\Local\Microsoft\WindowsApps;C:\Users\darvik\AppData\Local\JetBrains\Toolbox\scripts;C:\Users\darvik\AppData\Local\Programs\Podman\;C:\Users\darvik\AppData\Local\Programs\cursor\resources\app\bin;C:\Users\darvik\.qoder\bin\qodercli;C:\Program Files\JetBrains\IntelliJ IDEA 2026.2\bin;C:\Program Files\Far Manager;;C:\Users\darvik\.lmstudio\bin
USERNAME=darvik
OS=Windows_NT
PROCESSOR_IDENTIFIER=Intel64 Family 6 Model 154 Stepping 3, GenuineIntel
TMP=C:\Users\darvik\AppData\Local\Temp
TEMP=C:\Users\darvik\AppData\Local\Temp




Compilation memory statistics disabled.

Periodic native trim disabled

---------------  S Y S T E M  ---------------

OS:
 Windows 11 , 64 bit Build 26100 (10.0.26100.9168)
OS uptime: 8 days 18:17 hours
Hyper-V role detected

CPU: total 12 (initial active 12) (hybrid) family 6 model 154 stepping 3 microcode 0x429, cx8, cmov, fxsr, ht, mmx, 3dnowpref, sse, sse2, sse3, ssse3, sse4.1, sse4.2, popcnt, lzcnt, tsc, tscinvbit, avx, avx2, aes, erms, clmul, bmi1, bmi2, adx, sha, fma, vzeroupper, clflush, clflushopt, clwb, hv, serialize, rdtscp, rdpid, fsrm, gfni, f16c, cet_ibt, cet_ss, hybrid
Processor Information for processor 0
  Max Mhz: 2000, Current Mhz: 2000, Mhz Limit: 2000
Processor Information for processor 1
  Max Mhz: 2000, Current Mhz: 2000, Mhz Limit: 2000
Processor Information for processor 2
  Max Mhz: 2000, Current Mhz: 2000, Mhz Limit: 2000
Processor Information for processor 3
  Max Mhz: 2000, Current Mhz: 2000, Mhz Limit: 2000
Processor Information for processor 4
  Max Mhz: 2000, Current Mhz: 2000, Mhz Limit: 2000
Processor Information for processor 5
  Max Mhz: 2000, Current Mhz: 2000, Mhz Limit: 2000
Processor Information for processor 6
  Max Mhz: 2000, Current Mhz: 2000, Mhz Limit: 2000
Processor Information for processor 7
  Max Mhz: 2000, Current Mhz: 2000, Mhz Limit: 2000
Processor Information for processor 8
  Max Mhz: 2000, Current Mhz: 1500, Mhz Limit: 1500
Processor Information for processor 9
  Max Mhz: 2000, Current Mhz: 1500, Mhz Limit: 1500
Processor Information for processor 10
  Max Mhz: 2000, Current Mhz: 1500, Mhz Limit: 1500
Processor Information for processor 11
  Max Mhz: 2000, Current Mhz: 1500, Mhz Limit: 1500

Memory: 4k page, system-wide physical 32492M (1660M free)
TotalPageFile size 32492M (AvailPageFile size 11M)
current process WorkingSet (physical memory assigned to process): 168M, peak: 170M
current process commit charge ("private bytes"): 208M, peak: 328M

vm_info: OpenJDK 64-Bit Server VM (26+35-2893) for windows-amd64 JRE (26+35-2893), built on 2026-02-12T17:04:02Z with MS VC++ 17.13 (VS2022)

END.
