#
# There is insufficient memory for the Java Runtime Environment to continue.
# Native memory allocation (malloc) failed to allocate 1664664 bytes. Error detail: Chunk::new
# Possible reasons:
#   The system is out of physical RAM or swap space
#   This process is running with CompressedOops enabled, and the Java Heap may be blocking the growth of the native heap
# Possible solutions:
#   Reduce memory load on the system
#   Increase physical memory or swap space
#   Check if swap backing store is full
#   Decrease Java heap size (-Xmx/-Xms)
#   Decrease number of Java threads
#   Decrease Java thread stack sizes (-Xss)
#   Set larger code cache with -XX:ReservedCodeCacheSize=
#   JVM is running with Zero Based Compressed Oops mode in which the Java heap is
#     placed in the first 32GB address space. The Java Heap base address is the
#     maximum limit for the native heap growth. Please use -XX:HeapBaseMinAddress
#     to set the Java Heap base and to place the Java Heap above 32GB virtual address.
# This output file may be truncated or incomplete.
#
#  Out of Memory Error (arena.cpp:193), pid=7836, tid=21112
#
# JRE version: OpenJDK Runtime Environment (26.0+35) (build 26+35-2893)
# Java VM: OpenJDK 64-Bit Server VM (26+35-2893, mixed mode, sharing, tiered, compressed oops, compressed class ptrs, g1 gc, windows-amd64)
# No core dump will be written. Minidumps are not enabled by default on client versions of Windows
#

---------------  S U M M A R Y ------------

Command Line: --enable-native-access=ALL-UNNAMED --sun-misc-unsafe-memory-access=allow -Dio.netty.tryReflectionSetAccessible=true --enable-native-access=ALL-UNNAMED -Dclassworlds.conf=C:\Users\darvik\scoop\apps\maven\current\bin\m2.conf -Dmaven.home=C:\Users\darvik\scoop\apps\maven\current -Dlibrary.jansi.path=C:\Users\darvik\scoop\apps\maven\current\lib\jansi-native -Dmaven.multiModuleProjectDirectory=D:\Projects\java\note-keeper org.codehaus.plexus.classworlds.launcher.Launcher compile -pl note-keeper-service -q

Host: 12th Gen Intel(R) Core(TM) i5-12450H, 12 cores, 31G,  Windows 11 , 64 bit Build 26100 (10.0.26100.9168)
Time: Sun Aug 23 12:54:01 2026 Novosibirsk Standard Time elapsed time: 4.389392 seconds (0d 0h 0m 4s)

---------------  T H R E A D  ---------------

Current thread (0x00000235a67aa9f0):  JavaThread "C2 CompilerThread0" daemon [_thread_in_native, id=21112, stack(0x0000007ec1600000,0x0000007ec1700000) (1024K)]


Current CompileTask:
C2:4389  754       4       sun.util.locale.BaseLocale::hashCode (169 bytes)

Stack: [0x0000007ec1600000,0x0000007ec1700000]
Native frames: (J=compiled Java code, j=interpreted, Vv=VM code, C=native code)
V  [jvm.dll+0x7d5719]  (no source info available)
V  [jvm.dll+0x7a367d]  (no source info available)
V  [jvm.dll+0x9b0aa0]  (no source info available)
V  [jvm.dll+0x9b2ef1]  (no source info available)
V  [jvm.dll+0x9b3603]  (no source info available)
V  [jvm.dll+0x30de86]  (no source info available)
V  [jvm.dll+0x11d7c6]  (no source info available)
V  [jvm.dll+0x11daee]  (no source info available)
V  [jvm.dll+0x1afb06]  (no source info available)
V  [jvm.dll+0x3ca732]  (no source info available)
V  [jvm.dll+0x7de302]  (no source info available)
V  [jvm.dll+0x2d1557]  (no source info available)
V  [jvm.dll+0x2d04cf]  (no source info available)
V  [jvm.dll+0x246740]  (no source info available)
V  [jvm.dll+0x2e05ec]  (no source info available)
V  [jvm.dll+0x2de7cd]  (no source info available)
V  [jvm.dll+0x4a3f01]  (no source info available)
V  [jvm.dll+0x94f4e9]  (no source info available)
V  [jvm.dll+0x7d71f8]  (no source info available)
C  [ucrtbase.dll+0x2cd30]  (no source info available)
C  [KERNEL32.DLL+0x2ccb7]  (no source info available)
C  [ntdll.dll+0xaad6c]  (no source info available)

Lock stack of current Java thread (top to bottom):


---------------  P R O C E S S  ---------------

Threads class SMR info:
_java_thread_list=0x00000235ab847000, length=13, elements={
0x00000235fe987ef0, 0x00000235a67781b0, 0x00000235a6778c00, 0x00000235a6779ff0,
0x00000235a677bbb0, 0x00000235a677e770, 0x00000235a67a9350, 0x00000235a67aa9f0,
0x00000235a67c7d60, 0x00000235a6c7e6e0, 0x00000235a6c812f0, 0x00000235ab82e810,
0x00000235ab88a610
}

Java Threads: ( => current thread )
  0x00000235fe987ef0 JavaThread "main"                              [_thread_in_native, id=18208, stack(0x0000007ec0700000,0x0000007ec0800000) (1024K)]
  0x00000235a67781b0 JavaThread "Reference Handler"          daemon [_thread_blocked, id=51172, stack(0x0000007ec1000000,0x0000007ec1100000) (1024K)]
  0x00000235a6778c00 JavaThread "Finalizer"                  daemon [_thread_blocked, id=49940, stack(0x0000007ec1100000,0x0000007ec1200000) (1024K)]
  0x00000235a6779ff0 JavaThread "Signal Dispatcher"          daemon [_thread_blocked, id=50056, stack(0x0000007ec1200000,0x0000007ec1300000) (1024K)]
  0x00000235a677bbb0 JavaThread "Attach Listener"            daemon [_thread_blocked, id=33832, stack(0x0000007ec1300000,0x0000007ec1400000) (1024K)]
  0x00000235a677e770 JavaThread "Service Thread"             daemon [_thread_blocked, id=40060, stack(0x0000007ec1400000,0x0000007ec1500000) (1024K)]
  0x00000235a67a9350 JavaThread "Monitor Deflation Thread"   daemon [_thread_blocked, id=17248, stack(0x0000007ec1500000,0x0000007ec1600000) (1024K)]
=>0x00000235a67aa9f0 JavaThread "C2 CompilerThread0"         daemon [_thread_in_native, id=21112, stack(0x0000007ec1600000,0x0000007ec1700000) (1024K)]
  0x00000235a67c7d60 JavaThread "C1 CompilerThread0"         daemon [_thread_blocked, id=47608, stack(0x0000007ec1700000,0x0000007ec1800000) (1024K)]
  0x00000235a6c7e6e0 JavaThread "Notification Thread"        daemon [_thread_blocked, id=8976, stack(0x0000007ec1800000,0x0000007ec1900000) (1024K)]
  0x00000235a6c812f0 JavaThread "Common-Cleaner"             daemon [_thread_blocked, id=17520, stack(0x0000007ec1900000,0x0000007ec1a00000) (1024K)]
  0x00000235ab82e810 JavaThread "C2 CompilerThread1"         daemon [_thread_in_native, id=39124, stack(0x0000007ec1a00000,0x0000007ec1b00000) (1024K)]
  0x00000235ab88a610 JavaThread "C2 CompilerThread2"         daemon [_thread_in_native, id=41948, stack(0x0000007ec1e00000,0x0000007ec1f00000) (1024K)]
Total: 13

Other Threads:
  0x00000235a67677b0 VMThread "VM Thread"                           [id=2000, stack(0x0000007ec0f00000,0x0000007ec1000000) (1024K)]
  0x00000235a6755520 WatcherThread "VM Periodic Task Thread"        [id=5100, stack(0x0000007ec0e00000,0x0000007ec0f00000) (1024K)]
  0x00000235ffa63340 WorkerThread "GC Thread#0"                     [id=49004, stack(0x0000007ec0800000,0x0000007ec0900000) (1024K)]
  0x00000235a6f243b0 WorkerThread "GC Thread#1"                     [id=18576, stack(0x0000007ec1b00000,0x0000007ec1c00000) (1024K)]
  0x00000235ffa7ef70 ConcurrentGCThread "G1 Main Marker"            [id=32560, stack(0x0000007ec0900000,0x0000007ec0a00000) (1024K)]
  0x00000235ffa7faf0 WorkerThread "G1 Conc#0"                       [id=46732, stack(0x0000007ec0a00000,0x0000007ec0b00000) (1024K)]
  0x00000235ab812e10 WorkerThread "G1 Conc#1"                       [id=43288, stack(0x0000007ec1c00000,0x0000007ec1d00000) (1024K)]
  0x00000235ab8240e0 WorkerThread "G1 Conc#2"                       [id=35228, stack(0x0000007ec1d00000,0x0000007ec1e00000) (1024K)]
  0x00000235a661eaa0 WorkerThread "G1 Refinement Workers#0"         [id=31756, stack(0x0000007ec0c00000,0x0000007ec0d00000) (1024K)]
  0x00000235a661c0d0 ConcurrentGCThread "G1 Refine Control"         [id=37480, stack(0x0000007ec0b00000,0x0000007ec0c00000) (1024K)]
  0x00000235a661f410 ConcurrentGCThread "G1 Service"                [id=35284, stack(0x0000007ec0d00000,0x0000007ec0e00000) (1024K)]
Total: 11

Threads with active compile tasks:
C2 CompilerThread0  5595  754       4       sun.util.locale.BaseLocale::hashCode (169 bytes)
C1 CompilerThread0  5595  868       1       java.util.zip.ZipEntry::getName (5 bytes)
C2 CompilerThread1  5595  767       4       java.lang.String::substring (58 bytes)
C2 CompilerThread2  5595  798       4       java.lang.StringCoding::countPositives (33 bytes)
Total: 4

VM state: not at safepoint (normal execution)

VM Mutex/Monitor currently owned by a thread: None

Heap address: 0x0000000604400000, size: 8124 MB, Compressed Oops mode: Zero based, Oop shift amount: 3

CDS archive(s) mapped at: [0x000000008c000000-0x000000008cde0000-0x000000008cde0000), size 14548992, SharedBaseAddress: 0x000000008c000000, ArchiveRelocationMode: 1.
Compressed class space mapped at: 0x000000008d000000-0x00000000cd000000, reserved size: 1073741824
UseCompressedClassPointers 1, UseCompactObjectHeaders 0
Narrow klass pointer bits 32, Max shift 3
Narrow klass base: 0x000000008c000000, Narrow klass shift: 0
Encoding Range: [0x000000008c000000 - 0x000000018c000000), (4294967296 bytes)
Klass Range:    [0x000000008c000000 - 0x00000000cd000000), (1090519040 bytes)
Klass ID Range:  [8 - 1090519033) (1090519025)
Protection zone: [0x000000008c000000 - 0x000000008c010000), (65536 bytes)

GC Precious Log:
 CardTable entry size: 512
 Card Set container configuration: InlinePtr #cards 4 size 8 Array Of Cards #cards 32 size 80 Howl #buckets 8 coarsen threshold 7372 Howl Bitmap #cards 1024 size 144 coarsen threshold 921 Card regions per heap region 1 cards per card region 8192
 CPUs: 12 total, 12 available
 Memory: 32492M
 Large Page Support: Disabled
 NUMA Support: Disabled
 Compressed Oops: Enabled (Zero based)
 Heap Region Size: 4M
 Heap Min Capacity: 8M
 Heap Initial Capacity: 8M
 Heap Max Capacity: 8124M
 Pre-touch: Disabled
 Parallel Workers: 10
 Concurrent Workers: 3
 Concurrent Refinement Workers: 10
 Periodic GC: Disabled

Heap:
 garbage-first heap   total reserved 8318976K, committed 16384K, used 3558K [0x0000000604400000, 0x0000000800000000)
  region size 4M, 1 eden (4M), 1 survivor (4M), 1 old (4M), 0 humongous (0M), 1 free (4M)

Heap Regions: E=young(eden), S=young(survivor), O=old, HS=humongous(starts), HC=humongous(continues), CS=collection set, F=free, TAMS=top-at-mark-start, PB=parsable bottom
|    0|0x0000000604400000, 0x0000000604400000, 0x0000000604800000|  0%| F|  |TAMS 0x0000000604400000| PB 0x0000000604400000| Untracked |  0
|    1|0x0000000604800000, 0x0000000604bb7788, 0x0000000604c00000| 92%| E|CS|TAMS 0x0000000604800000| PB 0x0000000604800000| Complete  |  0
|    2|0x0000000604c00000, 0x0000000604e51b78, 0x0000000605000000| 57%| S|CS|TAMS 0x0000000604c00000| PB 0x0000000604c00000| Complete  |  0
| 2030|0x00000007ffc00000, 0x00000007ffd27e60, 0x0000000800000000| 28%| O|Cm|TAMS 0x00000007ffc00000| PB 0x00000007ffc00000| Complete  |  0

Card table byte_map: [0x0000023599fd0000,0x000002359afb0000] _byte_map_base: 0x0000023596fae000
Refinement table byte_map: [0x000002359afb0000,0x000002359bf90000] _byte_map_base: 0x0000023597f8e000

Marking Bits: (CMBitMap*) 0x00000235ffa63ac0
 Bits: [0x000002359bf90000, 0x00000235a3e80000)

Polling page: 0x00000235fec50000

Metaspace:
Metaspace        used 3518K, committed 3648K, reserved 1114112K
 class space     used 364K, committed 448K, reserved 1048576K

Usage:
  Non-class:      3.08 MB used.
      Class:    364.98 KB used.
       Both:      3.44 MB used.

Virtual space:
  Non-class space:       64.00 MB reserved,       3.12 MB (  5%) committed,  1 nodes.
      Class space:        1.00 GB reserved,     448.00 KB ( <1%) committed,  1 nodes.
             Both:        1.06 GB reserved,       3.56 MB ( <1%) committed. 

Chunk freelists:
   Non-Class:  10.27 MB
       Class:  15.48 MB
        Both:  25.75 MB

MaxMetaspaceSize: unlimited
CompressedClassSpaceSize: 1.00 GB
Initial GC threshold: 21.00 MB
Current GC threshold: 21.00 MB
CDS: on
 - commit_granule_bytes: 65536.
 - commit_granule_words: 8192.
 - virtual_space_node_default_size: 8388608.
 - enlarge_chunks_in_place: 1.
UseCompressedClassPointers 1, UseCompactObjectHeaders 0
Narrow klass pointer bits 32, Max shift 3
Narrow klass base: 0x000000008c000000, Narrow klass shift: 0
Encoding Range: [0x000000008c000000 - 0x000000018c000000), (4294967296 bytes)
Klass Range:    [0x000000008c000000 - 0x00000000cd000000), (1090519040 bytes)
Klass ID Range:  [8 - 1090519033) (1090519025)
Protection zone: [0x000000008c000000 - 0x000000008c010000), (65536 bytes)


Internal statistics:

num_allocs_failed_limit: 0.
num_arena_births: 38.
num_arena_deaths: 0.
num_vsnodes_births: 2.
num_vsnodes_deaths: 0.
num_space_committed: 57.
num_space_uncommitted: 0.
num_chunks_returned_to_freelist: 0.
num_chunks_taken_from_freelist: 142.
num_chunk_merges: 0.
num_chunk_splits: 87.
num_chunks_enlarged: 70.
num_inconsistent_stats: 0.

CodeHeap 'non-profiled nmethods': size=120064Kb used=210Kb max_used=210Kb free=119853Kb
 bounds [0x0000023591ab0000, 0x0000023591d20000, 0x0000023598ff0000]
CodeHeap 'profiled nmethods': size=120000Kb used=1220Kb max_used=1220Kb free=118779Kb
 bounds [0x0000023589ff0000, 0x000002358a260000, 0x0000023591520000]
CodeHeap 'non-nmethods': size=5696Kb used=1352Kb max_used=1352Kb free=4343Kb
 bounds [0x0000023591520000, 0x0000023591790000, 0x0000023591ab0000]
CodeCache: size=245760Kb, used=2782Kb, max_used=2782Kb, free=242975Kb
 total_blobs=1304, nmethods=845, adapters=362, full_count=0
Compilation: enabled, stopped_count=0, restarted_count=0

Compilation events (20 events):
Event: 2.377 Thread 0x00000235a67c7d60 nmethod 741 0x000002358a0d8408 code [0x000002358a0d8500, 0x000002358a0daeb8]
Event: 2.377 Thread 0x00000235a67c7d60  764       3       sun.util.locale.LanguageTag::parseVariants (95 bytes)
Event: 2.377 Thread 0x00000235a67c7d60 nmethod 764 0x000002358a0daf08 code [0x000002358a0db000, 0x000002358a0db5b0]
Event: 2.377 Thread 0x00000235a67c7d60  750       3       sun.util.locale.LanguageTag::isLanguage (29 bytes)
Event: 2.377 Thread 0x00000235a67c7d60 nmethod 750 0x000002358a0db608 code [0x000002358a0db700, 0x000002358a0dc400]
Event: 2.377 Thread 0x00000235a67c7d60  752       3       sun.util.locale.LanguageTag::<init> (44 bytes)
Event: 2.378 Thread 0x00000235a67c7d60 nmethod 752 0x000002358a0dc488 code [0x000002358a0dc580, 0x000002358a0dc9d0]
Event: 2.378 Thread 0x00000235a67c7d60  742       3       java.util.Objects::requireNonNullElse (15 bytes)
Event: 2.378 Thread 0x00000235a67c7d60 nmethod 742 0x000002358a0dca08 code [0x000002358a0dcb00, 0x000002358a0dcd78]
Event: 2.378 Thread 0x00000235a67c7d60  747       3       sun.util.locale.StringTokenIterator::<init> (51 bytes)
Event: 2.378 Thread 0x00000235a67c7d60 nmethod 747 0x000002358a0dcd88 code [0x000002358a0dce80, 0x000002358a0dd898]
Event: 2.378 Thread 0x00000235a67c7d60  748       3       sun.util.locale.StringTokenIterator::setStart (62 bytes)
Event: 2.378 Thread 0x00000235a67c7d60 nmethod 748 0x000002358a0dd908 code [0x000002358a0dda00, 0x000002358a0ddf68]
Event: 2.378 Thread 0x00000235a67c7d60  749       3       sun.util.locale.LanguageTag::parseLanguage (48 bytes)
Event: 2.378 Thread 0x00000235a67c7d60 nmethod 749 0x000002358a0ddf88 code [0x000002358a0de080, 0x000002358a0de670]
Event: 2.378 Thread 0x00000235a67c7d60  751       3       sun.util.locale.LanguageTag::parsePrivateuse (135 bytes)
Event: 2.378 Thread 0x00000235ab82e810 nmethod 766 0x0000023591ae3408 code [0x0000023591ae3500, 0x0000023591ae3aa8]
Event: 2.378 Thread 0x00000235ab82e810  767       4       java.lang.String::substring (58 bytes)
Event: 2.379 Thread 0x00000235a67c7d60 nmethod 751 0x000002358a0de688 code [0x000002358a0de780, 0x000002358a0dfa30]
Event: 2.379 Thread 0x00000235a67c7d60  753       3       sun.util.locale.InternalLocaleBuilder::setExtensions (202 bytes)

GC Heap Usage History (4 events):
Event: 1.265 {heap Before GC invocations=0 (full 0):
 garbage-first heap   total reserved 8318976K, committed 12288K, used 5279K [0x0000000604400000, 0x0000000800000000)
  region size 4M, 1 eden (4M), 0 survivor (0M), 1 old (4M), 0 humongous (0M), 1 free (4M)
}
Event: 1.268 {heap After GC invocations=1 (full 0):
 garbage-first heap   total reserved 8318976K, committed 12288K, used 2822K [0x0000000604400000, 0x0000000800000000)
  region size 4M, 0 eden (0M), 1 survivor (4M), 1 old (4M), 0 humongous (0M), 1 free (4M)
}
Event: 2.369 {heap Before GC invocations=1 (full 0):
 garbage-first heap   total reserved 8318976K, committed 12288K, used 6918K [0x0000000604400000, 0x0000000800000000)
  region size 4M, 1 eden (4M), 1 survivor (4M), 1 old (4M), 0 humongous (0M), 0 free (0M)
}
Event: 2.371 {heap After GC invocations=2 (full 0):
 garbage-first heap   total reserved 8318976K, committed 16384K, used 3558K [0x0000000604400000, 0x0000000800000000)
  region size 4M, 0 eden (0M), 1 survivor (4M), 1 old (4M), 0 humongous (0M), 2 free (8M)
}

Metaspace Usage History (4 events):
Event: 1.266 {metaspace Before GC invocations=0 (full 0):
 Metaspace       used 1159K, committed 1216K, reserved 1114112K
  class space    used 93K, committed 128K, reserved 1048576K
}
Event: 1.268 {metaspace After GC invocations=1 (full 0):
 Metaspace       used 1159K, committed 1216K, reserved 1114112K
  class space    used 93K, committed 128K, reserved 1048576K
}
Event: 2.369 {metaspace Before GC invocations=1 (full 0):
 Metaspace       used 2411K, committed 2560K, reserved 1114112K
  class space    used 231K, committed 320K, reserved 1048576K
}
Event: 2.371 {metaspace After GC invocations=2 (full 0):
 Metaspace       used 2411K, committed 2560K, reserved 1114112K
  class space    used 231K, committed 320K, reserved 1048576K
}

Dll operation events (14 events):
Event: 0.035 Attempting to load shared library C:\Users\darvik\scoop\apps\openjdk26\current\bin\java.dll
Event: 0.037 Loaded shared library C:\Users\darvik\scoop\apps\openjdk26\current\bin\java.dll
Event: 1.124 Attempting to load shared library C:\Users\darvik\scoop\apps\openjdk26\26-35\bin\net.dll
Event: 1.124 Loaded shared library C:\Users\darvik\scoop\apps\openjdk26\26-35\bin\net.dll
Event: 1.126 Attempting to load shared library C:\Users\darvik\scoop\apps\openjdk26\26-35\bin\nio.dll
Event: 1.127 Loaded shared library C:\Users\darvik\scoop\apps\openjdk26\26-35\bin\nio.dll
Event: 1.130 Attempting to load shared library C:\Users\darvik\scoop\apps\openjdk26\26-35\bin\zip.dll
Event: 1.131 Loaded shared library C:\Users\darvik\scoop\apps\openjdk26\26-35\bin\zip.dll
Event: 1.260 Attempting to load shared library C:\Users\darvik\scoop\apps\maven\3.9.15\lib\jansi-native\Windows\x86_64\jansi.dll
Event: 1.260 Attempting to load shared library C:\Users\darvik\scoop\apps\openjdk26\26-35\bin\jimage.dll
Event: 1.260 Loaded shared library C:\Users\darvik\scoop\apps\openjdk26\26-35\bin\jimage.dll
Event: 1.261 Loaded shared library C:\Users\darvik\scoop\apps\maven\3.9.15\lib\jansi-native\Windows\x86_64\jansi.dll
Event: 1.271 Attempting to load shared library C:\Users\darvik\scoop\apps\openjdk26\current\bin\verify.dll
Event: 1.272 Loaded shared library C:\Users\darvik\scoop\apps\openjdk26\current\bin\verify.dll

Deoptimization events (20 events):
Event: 1.259 Thread 0x00000235ab195bc0 DEOPT PACKING pc=0x0000023591ac144c sp=0x0000007ec1afd6a0
Event: 1.259 Thread 0x00000235ab195bc0 DEOPT UNPACKING pc=0x0000023591645882 sp=0x0000007ec1afd5d8 mode 2
Event: 1.265 Thread 0x00000235ab195bc0 DEOPT PACKING pc=0x000002358a0246f8 sp=0x0000007ec1afea10
Event: 1.265 Thread 0x00000235ab195bc0 DEOPT UNPACKING pc=0x0000023591571a02 sp=0x0000007ec1afde80 mode 0
Event: 2.327 Thread 0x00000235fe987ef0 DEOPT PACKING pc=0x000002358a0246f8 sp=0x0000007ec07fecb0
Event: 2.327 Thread 0x00000235fe987ef0 DEOPT UNPACKING pc=0x0000023591571a02 sp=0x0000007ec07fe120 mode 0
Event: 2.330 Thread 0x00000235fe987ef0 DEOPT PACKING pc=0x000002358a0246f8 sp=0x0000007ec07fe780
Event: 2.330 Thread 0x00000235fe987ef0 DEOPT UNPACKING pc=0x0000023591571a02 sp=0x0000007ec07fdc08 mode 0
Event: 2.334 Thread 0x00000235fe987ef0 DEOPT PACKING pc=0x000002358a00aa99 sp=0x0000007ec07fe5a0
Event: 2.334 Thread 0x00000235fe987ef0 DEOPT UNPACKING pc=0x0000023591571a02 sp=0x0000007ec07fd9f0 mode 0
Event: 2.341 Thread 0x00000235fe987ef0 DEOPT PACKING pc=0x000002358a0246f8 sp=0x0000007ec07fa8e0
Event: 2.341 Thread 0x00000235fe987ef0 DEOPT UNPACKING pc=0x0000023591571a02 sp=0x0000007ec07f9d50 mode 0
Event: 2.341 Thread 0x00000235fe987ef0 DEOPT PACKING pc=0x000002358a010558 sp=0x0000007ec07faa40
Event: 2.341 Thread 0x00000235fe987ef0 DEOPT UNPACKING pc=0x0000023591571a02 sp=0x0000007ec07f9ed0 mode 0
Event: 2.357 Thread 0x00000235fe987ef0 DEOPT PACKING pc=0x000002358a0115f0 sp=0x0000007ec07fda10
Event: 2.357 Thread 0x00000235fe987ef0 DEOPT UNPACKING pc=0x0000023591571a02 sp=0x0000007ec07fce48 mode 0
Event: 2.359 Thread 0x00000235fe987ef0 Uncommon trap: trap_request=0xffffff45 fr.pc=0x0000023591abe174 relative=0x0000000000000074
Event: 2.359 Thread 0x00000235fe987ef0 Uncommon trap: reason=unstable_if action=reinterpret pc=0x0000023591abe174 method=jdk.internal.misc.Unsafe.convEndian(ZI)I @ 4 c2
Event: 2.359 Thread 0x00000235fe987ef0 DEOPT PACKING pc=0x0000023591abe174 sp=0x0000007ec07fe320
Event: 2.359 Thread 0x00000235fe987ef0 DEOPT UNPACKING pc=0x0000023591645882 sp=0x0000007ec07fe250 mode 2

Classes loaded (20 events):
Event: 2.351 Loading class java/util/concurrent/locks/AbstractQueuedLongSynchronizer done
Event: 2.351 Loading class java/util/concurrent/locks/ReentrantReadWriteLock$Sync done
Event: 2.351 Loading class java/util/concurrent/locks/ReentrantReadWriteLock$NonfairSync done
Event: 2.351 Loading class java/util/concurrent/locks/ReentrantReadWriteLock$Sync$ThreadLocalHoldCounter
Event: 2.351 Loading class java/util/concurrent/locks/ReentrantReadWriteLock$Sync$ThreadLocalHoldCounter done
Event: 2.351 Loading class java/util/concurrent/locks/ReentrantReadWriteLock$ReadLock
Event: 2.351 Loading class java/util/concurrent/locks/ReentrantReadWriteLock$ReadLock done
Event: 2.351 Loading class java/util/concurrent/locks/ReentrantReadWriteLock$WriteLock
Event: 2.351 Loading class java/util/concurrent/locks/ReentrantReadWriteLock$WriteLock done
Event: 2.354 Loading class java/text/ParseException
Event: 2.355 Loading class java/text/ParseException done
Event: 2.359 Loading class sun/util/calendar/ZoneInfoFile$Checksum
Event: 2.359 Loading class sun/util/calendar/ZoneInfoFile$Checksum done
Event: 2.360 Loading class jdk/internal/module/ModulePatcher$PatchedModuleReader
Event: 2.360 Loading class jdk/internal/module/ModulePatcher$PatchedModuleReader done
Event: 2.360 Loading class jdk/internal/jimage/ImageReader$Resource
Event: 2.361 Loading class jdk/internal/jimage/ImageReader$Resource done
Event: 2.361 Loading class sun/net/www/protocol/jrt/Handler
Event: 2.361 Loading class sun/net/www/protocol/jrt/Handler done
Event: 2.378 Loading class sun/text/resources/cldr/FormatData_en

Classes unloaded (0 events):
No events

Classes redefined (0 events):
No events

Internal exceptions (16 events):
Event: 1.243 Thread 0x00000235fe987ef0 Exception <a 'java/lang/NoSuchMethodError'{0x0000000604b27d00}: 'java.lang.Object java.lang.invoke.Invokers$Holder.invokeExact_MT(java.lang.Object, java.lang.Object, java.lang.Object, java.lang.Object, java.lang.Object)'> (0x0000000604b27d00) 
thrown [s\open\src\hotspot\share\interpreter\linkResolver.cpp, line 804]
Event: 1.247 Thread 0x00000235fe987ef0 Exception <a 'java/lang/NoSuchMethodError'{0x0000000604b542b0}: 'java.lang.Object java.lang.invoke.DirectMethodHandle$Holder.invokeStaticInit(java.lang.Object)'> (0x0000000604b542b0) 
thrown [s\open\src\hotspot\share\interpreter\linkResolver.cpp, line 804]
Event: 1.254 Thread 0x00000235fe987ef0 Exception <a 'java/lang/NullPointerException'{0x0000000604b89e08}> (0x0000000604b89e08) 
thrown [s\open\src\hotspot\share\interpreter\linkResolver.cpp, line 1428]
Event: 1.262 Thread 0x00000235fe987ef0 Exception <a 'java/lang/NullPointerException'{0x0000000604bbd710}> (0x0000000604bbd710) 
thrown [s\open\src\hotspot\share\interpreter\linkResolver.cpp, line 1428]
Event: 1.262 Thread 0x00000235fe987ef0 Exception <a 'java/lang/NullPointerException'{0x0000000604bbd9f0}> (0x0000000604bbd9f0) 
thrown [s\open\src\hotspot\share\interpreter\linkResolver.cpp, line 1428]
Event: 1.262 Thread 0x00000235fe987ef0 Exception <a 'java/lang/NullPointerException'{0x0000000604bbdcd0}> (0x0000000604bbdcd0) 
thrown [s\open\src\hotspot\share\interpreter\linkResolver.cpp, line 1428]
Event: 1.262 Thread 0x00000235fe987ef0 Exception <a 'java/lang/NullPointerException'{0x0000000604bc2c98}> (0x0000000604bc2c98) 
thrown [s\open\src\hotspot\share\interpreter\linkResolver.cpp, line 1428]
Event: 1.263 Thread 0x00000235fe987ef0 Exception <a 'java/lang/NullPointerException'{0x0000000604bd4128}> (0x0000000604bd4128) 
thrown [s\open\src\hotspot\share\interpreter\linkResolver.cpp, line 1428]
Event: 1.263 Thread 0x00000235fe987ef0 Exception <a 'java/lang/NullPointerException'{0x0000000604bd4408}> (0x0000000604bd4408) 
thrown [s\open\src\hotspot\share\interpreter\linkResolver.cpp, line 1428]
Event: 1.263 Thread 0x00000235fe987ef0 Exception <a 'java/lang/NullPointerException'{0x0000000604bd46e8}> (0x0000000604bd46e8) 
thrown [s\open\src\hotspot\share\interpreter\linkResolver.cpp, line 1428]
Event: 1.263 Thread 0x00000235fe987ef0 Exception <a 'java/lang/NullPointerException'{0x0000000604bd49c8}> (0x0000000604bd49c8) 
thrown [s\open\src\hotspot\share\interpreter\linkResolver.cpp, line 1428]
Event: 1.277 Thread 0x00000235fe987ef0 Exception <a 'java/lang/NoSuchMethodError'{0x000000060484e080}: 'void java.lang.invoke.DirectMethodHandle$Holder.invokeVirtual(java.lang.Object, java.lang.Object)'> (0x000000060484e080) 
thrown [s\open\src\hotspot\share\interpreter\linkResolver.cpp, line 804]
Event: 1.279 Thread 0x00000235fe987ef0 Exception <a 'java/lang/NoSuchMethodError'{0x0000000604871558}: 'void java.lang.invoke.DirectMethodHandle$Holder.invokeStatic(java.lang.Object, java.lang.Object)'> (0x0000000604871558) 
thrown [s\open\src\hotspot\share\interpreter\linkResolver.cpp, line 804]
Event: 1.280 Thread 0x00000235fe987ef0 Exception <a 'java/lang/NoSuchMethodError'{0x0000000604879ea0}: 'void java.lang.invoke.DirectMethodHandle$Holder.invokeStaticInit(java.lang.Object, java.lang.Object)'> (0x0000000604879ea0) 
thrown [s\open\src\hotspot\share\interpreter\linkResolver.cpp, line 804]
Event: 2.295 Thread 0x00000235fe987ef0 Exception <a 'java/lang/NoSuchMethodError'{0x00000006048d5be0}: 'void java.lang.invoke.DirectMethodHandle$Holder.invokeStatic(java.lang.Object, java.lang.Object, java.lang.Object)'> (0x00000006048d5be0) 
thrown [s\open\src\hotspot\share\interpreter\linkResolver.cpp, line 804]
Event: 2.338 Thread 0x00000235fe987ef0 Exception <a 'java/lang/NoSuchMethodError'{0x0000000604a7f068}: 'java.lang.Object java.lang.invoke.DirectMethodHandle$Holder.invokeSpecialIFC(java.lang.Object, java.lang.Object, java.lang.Object, java.lang.Object)'> (0x0000000604a7f068) 
thrown [s\open\src\hotspot\share\interpreter\linkResolver.cpp, line 804]

VM Operations (12 events):
Event: 1.251 Executing non-safepoint VM operation: HandshakeAllThreads (Deoptimize)
Event: 1.252 Executing non-safepoint VM operation: HandshakeAllThreads (Deoptimize) done
Event: 1.265 Executing non-safepoint VM operation: HandshakeAllThreads (Deoptimize)
Event: 1.265 Executing non-safepoint VM operation: HandshakeAllThreads (Deoptimize) done
Event: 1.265 Executing safepoint VM operation: G1CollectForAllocation (G1 Evacuation Pause)
Event: 1.268 Executing safepoint VM operation: G1CollectForAllocation (G1 Evacuation Pause) done
Event: 2.369 Executing safepoint VM operation: G1CollectForAllocation (G1 Evacuation Pause)
Event: 2.371 Executing safepoint VM operation: G1CollectForAllocation (G1 Evacuation Pause) done
Event: 2.373 Executing safepoint VM operation: G1PauseRemark
Event: 2.373 Executing safepoint VM operation: G1PauseRemark done
Event: 2.374 Executing safepoint VM operation: G1PauseCleanup
Event: 2.374 Executing safepoint VM operation: G1PauseCleanup done

Memory protections (0 events):
No events

Nmethod flushes (0 events):
No events

Events (14 events):
Event: 1.086 Thread 0x00000235fe987ef0 Thread added: 0x00000235fe987ef0
Event: 1.112 Thread 0x00000235fe987ef0 Thread added: 0x00000235a67781b0
Event: 1.112 Thread 0x00000235fe987ef0 Thread added: 0x00000235a6778c00
Event: 1.112 Thread 0x00000235fe987ef0 Thread added: 0x00000235a6779ff0
Event: 1.113 Thread 0x00000235fe987ef0 Thread added: 0x00000235a677bbb0
Event: 1.113 Thread 0x00000235fe987ef0 Thread added: 0x00000235a677e770
Event: 1.113 Thread 0x00000235fe987ef0 Thread added: 0x00000235a67a9350
Event: 1.113 Thread 0x00000235fe987ef0 Thread added: 0x00000235a67aa9f0
Event: 1.113 Thread 0x00000235fe987ef0 Thread added: 0x00000235a67c7d60
Event: 1.121 Thread 0x00000235fe987ef0 Thread added: 0x00000235a6c7e6e0
Event: 1.122 Thread 0x00000235fe987ef0 Thread added: 0x00000235a6c812f0
Event: 1.257 Thread 0x00000235fe987ef0 Thread added: 0x00000235ab195bc0
Event: 1.269 Thread 0x00000235ab195bc0 Thread exited: 0x00000235ab195bc0
Event: 2.348 Thread 0x00000235a67c7d60 Thread added: 0x00000235ab82e810


Dynamic libraries:
0x00007ff67e670000 - 0x00007ff67e67e000 	C:\Users\darvik\scoop\apps\openjdk26\current\bin\java.exe
0x00007ffe63320000 - 0x00007ffe63586000 	C:\Windows\SYSTEM32\ntdll.dll
0x00007ffe61e40000 - 0x00007ffe61f09000 	C:\Windows\System32\KERNEL32.DLL
0x00007ffe60590000 - 0x00007ffe6098f000 	C:\Windows\System32\KERNELBASE.dll
0x00007ffe60cd0000 - 0x00007ffe60e1c000 	C:\Windows\System32\ucrtbase.dll
0x00007ffe24cd0000 - 0x00007ffe24ce7000 	C:\Users\darvik\scoop\apps\openjdk26\current\bin\jli.dll
0x00007ffe1f580000 - 0x00007ffe1f59e000 	C:\Users\darvik\scoop\apps\openjdk26\current\bin\VCRUNTIME140.dll
0x00007ffe61c70000 - 0x00007ffe61e36000 	C:\Windows\System32\USER32.dll
0x00007ffe609a0000 - 0x00007ffe609c7000 	C:\Windows\System32\win32u.dll
0x00007ffe45e40000 - 0x00007ffe460d1000 	C:\Windows\WinSxS\amd64_microsoft.windows.common-controls_6595b64144ccf1df_6.0.26100.8972_none_3e0da176e32f9d4b\COMCTL32.dll
0x00007ffe62560000 - 0x00007ffe6258b000 	C:\Windows\System32\GDI32.dll
0x00007ffe61bc0000 - 0x00007ffe61c69000 	C:\Windows\System32\msvcrt.dll
0x00007ffe60e30000 - 0x00007ffe60f59000 	C:\Windows\System32\gdi32full.dll
0x00007ffe60b60000 - 0x00007ffe60c03000 	C:\Windows\System32\msvcp_win.dll
0x00007ffe615b0000 - 0x00007ffe615e2000 	C:\Windows\System32\IMM32.DLL
0x00007ffe4a720000 - 0x00007ffe4a72c000 	C:\Users\darvik\scoop\apps\openjdk26\current\bin\vcruntime140_1.dll
0x00007ffe00d90000 - 0x00007ffe00e1d000 	C:\Users\darvik\scoop\apps\openjdk26\current\bin\msvcp140.dll
0x00007ffda1700000 - 0x00007ffda25ce000 	C:\Users\darvik\scoop\apps\openjdk26\current\bin\server\jvm.dll
0x00007ffe61a60000 - 0x00007ffe61b1c000 	C:\Windows\System32\ADVAPI32.dll
0x00007ffe61600000 - 0x00007ffe616aa000 	C:\Windows\System32\sechost.dll
0x00007ffe620b0000 - 0x00007ffe621c8000 	C:\Windows\System32\RPCRT4.dll
0x00007ffe62590000 - 0x00007ffe62612000 	C:\Windows\System32\WS2_32.dll
0x00007ffe60360000 - 0x00007ffe603be000 	C:\Windows\SYSTEM32\POWRPROF.dll
0x00007ffe52ce0000 - 0x00007ffe52d16000 	C:\Windows\SYSTEM32\WINMM.dll
0x00007ffe452f0000 - 0x00007ffe452fb000 	C:\Windows\SYSTEM32\VERSION.dll
0x00007ffe60340000 - 0x00007ffe60355000 	C:\Windows\SYSTEM32\UMPDC.dll
0x00007ffe5f1f0000 - 0x00007ffe5f20b000 	C:\Windows\SYSTEM32\kernel.appcore.dll
0x00007ffe205b0000 - 0x00007ffe205ba000 	C:\Users\darvik\scoop\apps\openjdk26\current\bin\jimage.dll
0x00007ffe5d7b0000 - 0x00007ffe5d9f2000 	C:\Windows\SYSTEM32\DBGHELP.DLL
0x00007ffe621d0000 - 0x00007ffe62555000 	C:\Windows\System32\combase.dll
0x00007ffe61fd0000 - 0x00007ffe620a9000 	C:\Windows\System32\OLEAUT32.dll
0x00007ffe4bd60000 - 0x00007ffe4bd9b000 	C:\Windows\SYSTEM32\dbgcore.DLL
0x00007ffe60f60000 - 0x00007ffe6100c000 	C:\Windows\System32\bcryptPrimitives.dll
0x00007ffe051a0000 - 0x00007ffe051bf000 	C:\Users\darvik\scoop\apps\openjdk26\current\bin\java.dll
0x00007ffe61720000 - 0x00007ffe618b9000 	C:\Windows\System32\ole32.dll
0x00007ffe62b20000 - 0x00007ffe632a8000 	C:\Windows\System32\SHELL32.dll
0x00007ffe5df80000 - 0x00007ffe5e81b000 	C:\Windows\SYSTEM32\windows.storage.dll
0x00007ffe62620000 - 0x00007ffe62719000 	C:\Windows\System32\SHCORE.dll
0x00007ffe616b0000 - 0x00007ffe61716000 	C:\Windows\System32\shlwapi.dll
0x00007ffe60420000 - 0x00007ffe60449000 	C:\Windows\SYSTEM32\profapi.dll
0x00007ffe04b50000 - 0x00007ffe04b62000 	C:\Users\darvik\scoop\apps\openjdk26\26-35\bin\net.dll
0x00007ffe5f7a0000 - 0x00007ffe5f80c000 	C:\Windows\system32\mswsock.dll
0x00007ffe04410000 - 0x00007ffe04426000 	C:\Users\darvik\scoop\apps\openjdk26\26-35\bin\nio.dll
0x00007ffe04350000 - 0x00007ffe04367000 	C:\Users\darvik\scoop\apps\openjdk26\26-35\bin\zip.dll
0x00007ffe032e0000 - 0x00007ffe03304000 	C:\Users\darvik\scoop\apps\maven\3.9.15\lib\jansi-native\Windows\x86_64\jansi.dll
0x00007ffe20300000 - 0x00007ffe20310000 	C:\Users\darvik\scoop\apps\openjdk26\current\bin\verify.dll

JVMTI agents: none

dbghelp: loaded successfully - version: 4.0.5 - missing functions: none
symbol engine: initialized successfully - sym options: 0x614 - pdb path: .;C:\Users\darvik\scoop\apps\openjdk26\current\bin;C:\Windows\SYSTEM32;C:\Windows\WinSxS\amd64_microsoft.windows.common-controls_6595b64144ccf1df_6.0.26100.8972_none_3e0da176e32f9d4b;C:\Users\darvik\scoop\apps\openjdk26\current\bin\server;C:\Users\darvik\scoop\apps\openjdk26\26-35\bin;C:\Users\darvik\scoop\apps\maven\3.9.15\lib\jansi-native\Windows\x86_64

VM Arguments:
jvm_args: --enable-native-access=ALL-UNNAMED --sun-misc-unsafe-memory-access=allow -Dio.netty.tryReflectionSetAccessible=true --enable-native-access=ALL-UNNAMED -Dclassworlds.conf=C:\Users\darvik\scoop\apps\maven\current\bin\m2.conf -Dmaven.home=C:\Users\darvik\scoop\apps\maven\current -Dlibrary.jansi.path=C:\Users\darvik\scoop\apps\maven\current\lib\jansi-native -Dmaven.multiModuleProjectDirectory=D:\Projects\java\note-keeper 
java_command: org.codehaus.plexus.classworlds.launcher.Launcher compile -pl note-keeper-service -q
java_class_path (initial): C:\Users\darvik\scoop\apps\maven\current\boot\plexus-classworlds-2.9.0.jar
Launcher Type: SUN_STANDARD

[Global flags]
     bool AOTAdapterCaching                        = false                                  {diagnostic} {ergonomic}
     bool AOTInvokeDynamicLinking                  = false                                  {diagnostic} {ergonomic}
     bool AOTRecordTraining                        = false                                  {diagnostic} {ergonomic}
     bool AOTReplayTraining                        = false                                  {diagnostic} {ergonomic}
     bool AOTStubCaching                           = false                                  {diagnostic} {ergonomic}
     intx CICompilerCount                          = 4                                         {product} {ergonomic}
     uint ConcGCThreads                            = 3                                         {product} {ergonomic}
     uint G1ConcRefinementThreads                  = 10                                        {product} {ergonomic}
     uint G1EagerReclaimRemSetThreshold            = 32                                   {experimental} {ergonomic}
   size_t G1HeapRegionSize                         = 4194304                                   {product} {ergonomic}
     uint G1RemSetArrayOfCardsEntries              = 32                                   {experimental} {ergonomic}
     uint G1RemSetHowlMaxNumBuckets                = 8                                    {experimental} {ergonomic}
     uint G1RemSetHowlNumBuckets                   = 8                                    {experimental} {ergonomic}
   size_t InitialHeapSize                          = 8388608                                   {product} {ergonomic}
     bool IntelJccErratumMitigation                = false                             {ARCH diagnostic} {ergonomic}
   size_t MarkStackSize                            = 4194304                                   {product} {ergonomic}
   size_t MarkStackSizeMax                         = 536870912                                 {product} {ergonomic}
   size_t MaxHeapSize                              = 8518631424                                {product} {ergonomic}
   size_t MaxNewSize                               = 5108662272                                {product} {ergonomic}
 uint64_t MaxRAM                                   = 34070847488                               {product} {ergonomic}
   size_t MinHeapDeltaBytes                        = 4194304                                   {product} {ergonomic}
   size_t MinHeapSize                              = 8388608                                   {product} {ergonomic}
   size_t NonNMethodCodeHeapSize                   = 5832704                                {pd product} {ergonomic}
   size_t NonProfiledCodeHeapSize                  = 122945536                              {pd product} {ergonomic}
   size_t ProfiledCodeHeapSize                     = 122880000                              {pd product} {ergonomic}
   size_t ReservedCodeCacheSize                    = 251658240                              {pd product} {ergonomic}
     bool SegmentedCodeCache                       = true                                      {product} {ergonomic}
   size_t SoftMaxHeapSize                          = 8518631424                             {manageable} {ergonomic}
     bool UseCompressedOops                        = true                           {product lp64_product} {ergonomic}
     bool UseCondCardMark                          = true                                      {product} {ergonomic}
     bool UseFastUnorderedTimeStamps               = true                                 {experimental} {ergonomic}
     bool UseG1GC                                  = true                                      {product} {ergonomic}
     bool UseLargePagesIndividualAllocation        = false                                  {pd product} {ergonomic}
      int X86ICacheSync                            = 3                                 {ARCH diagnostic} {ergonomic}

Logging:
Log output configuration:
 #0: stdout all=warning uptime,level,tags foldmultilines=false
 #1: stderr all=off uptime,level,tags foldmultilines=false

Release file:
IMPLEMENTOR="Oracle Corporation" 
JAVA_RUNTIME_VERSION="26+35-2893" 
JAVA_VERSION="26" 
JAVA_VERSION_DATE="2026-03-17" 
LIBC="default" 
MODULES="java.base java.compiler java.datatransfer java.xml java.prefs java.desktop java.instrument java.logging java.management java.security.sasl java.naming java.rmi java.management.rmi java.net.http java.scripting java.security.jgss java.transaction.xa java.sql java.sql.rowset java.xml.crypto java.se java.smartcardio jdk.accessibility jdk.internal.jvmstat jdk.attach jdk.charsets jdk.internal.opt jdk.zipfs jdk.compiler jdk.crypto.cryptoki jdk.crypto.ec jdk.crypto.mscapi jdk.dynalink jdk.internal.ed jdk.editpad jdk.internal.vm.ci jdk.graal.compiler jdk.graal.compiler.management jdk.hotspot.agent jdk.httpserver jdk.incubator.vector jdk.internal.le jdk.internal.md jdk.jartool jdk.javadoc jdk.jcmd jdk.management jdk.management.agent jdk.jconsole jdk.jdeps jdk.jdwp.agent jdk.jdi jdk.jfr jdk.jlink jdk.jpackage jdk.jshell jdk.jstatd jdk.localedata jdk.management.jfr jdk.naming.dns jdk.naming.rmi jdk.net jdk.nio.mapmode jdk.sctp jdk.security.auth jdk.security.jgss jdk.unsupported jdk.unsupported.desktop jdk.xml.dom" 
OS_ARCH="x86_64" 
OS_NAME="Windows" 
SOURCE=".:git:4408cd2a07a1" 

Environment Variables:
JAVA_HOME=C:\Users\darvik\scoop\apps\openjdk26\current
PATH=C:\Program Files\WindowsApps\Microsoft.PowerShell_7.6.5.0_x64__8wekyb3d8bbwe;C:\Windows\system32;C:\Windows;C:\Windows\System32\Wbem;C:\Windows\System32\WindowsPowerShell\v1.0\;C:\Windows\System32\OpenSSH\;C:\Program Files\usbipd-win\;C:\Program Files (x86)\Windows Kits\10\Windows Performance Toolkit\;C:\Program Files\Qoder\bin;C:\Program Files\Git\cmd;C:\Program Files\Qoder IDE\bin;C:\Users\darvik\scoop\apps\nodejs24\current\bin;C:\Users\darvik\scoop\apps\nodejs24\current;C:\Users\darvik\scoop\apps\openjdk26\current\bin;C:\Users\darvik\scoop\apps\nodejs\current\bin;C:\Users\darvik\scoop\apps\nodejs\current;C:\Users\darvik\scoop\apps\openssl\current\bin;C:\Users\darvik\scoop\apps\maven\current\bin;C:\Users\darvik\scoop\apps\python313\current\Scripts;C:\Users\darvik\scoop\apps\python313\current;C:\Users\darvik\scoop\apps\gcc\current\bin;C:\Users\darvik\go\bin;C:\Users\darvik\scoop\shims;C:\Users\darvik\AppData\Local\Microsoft\WindowsApps;C:\Users\darvik\AppData\Local\JetBrains\Toolbox\scripts;C:\Users\darvik\AppData\Local\Programs\Podman\;C:\Users\darvik\AppData\Local\Programs\cursor\resources\app\bin;C:\Users\darvik\.qoder\bin\qodercli;C:\Program Files\JetBrains\IntelliJ IDEA 2026.2\bin;C:\Program Files\Far Manager;;C:\Users\darvik\.lmstudio\bin
USERNAME=darvik
OS=Windows_NT
PROCESSOR_IDENTIFIER=Intel64 Family 6 Model 154 Stepping 3, GenuineIntel
TMP=C:\Users\darvik\AppData\Local\Temp
TEMP=C:\Users\darvik\AppData\Local\Temp




Compilation memory statistics disabled.

Periodic native trim disabled

---------------  S Y S T E M  ---------------

OS:
 Windows 11 , 64 bit Build 26100 (10.0.26100.9168)
OS uptime: 8 days 18:16 hours
Hyper-V role detected

CPU: total 12 (initial active 12) (hybrid) family 6 model 154 stepping 3 microcode 0x429, cx8, cmov, fxsr, ht, mmx, 3dnowpref, sse, sse2, sse3, ssse3, sse4.1, sse4.2, popcnt, lzcnt, tsc, tscinvbit, avx, avx2, aes, erms, clmul, bmi1, bmi2, adx, sha, fma, vzeroupper, clflush, clflushopt, clwb, hv, serialize, rdtscp, rdpid, fsrm, gfni, f16c, cet_ibt, cet_ss, hybrid
Processor Information for processor 0
  Max Mhz: 2000, Current Mhz: 2000, Mhz Limit: 2000
Processor Information for processor 1
  Max Mhz: 2000, Current Mhz: 2000, Mhz Limit: 2000
Processor Information for processor 2
  Max Mhz: 2000, Current Mhz: 2000, Mhz Limit: 2000
Processor Information for processor 3
  Max Mhz: 2000, Current Mhz: 2000, Mhz Limit: 2000
Processor Information for processor 4
  Max Mhz: 2000, Current Mhz: 2000, Mhz Limit: 2000
Processor Information for processor 5
  Max Mhz: 2000, Current Mhz: 2000, Mhz Limit: 2000
Processor Information for processor 6
  Max Mhz: 2000, Current Mhz: 2000, Mhz Limit: 2000
Processor Information for processor 7
  Max Mhz: 2000, Current Mhz: 2000, Mhz Limit: 2000
Processor Information for processor 8
  Max Mhz: 2000, Current Mhz: 1500, Mhz Limit: 1500
Processor Information for processor 9
  Max Mhz: 2000, Current Mhz: 1500, Mhz Limit: 1500
Processor Information for processor 10
  Max Mhz: 2000, Current Mhz: 1500, Mhz Limit: 1500
Processor Information for processor 11
  Max Mhz: 2000, Current Mhz: 1500, Mhz Limit: 1500

Memory: 4k page, system-wide physical 32492M (6169M free)
TotalPageFile size 32492M (AvailPageFile size 1M)
current process WorkingSet (physical memory assigned to process): 66M, peak: 66M
current process commit charge ("private bytes"): 114M, peak: 114M

vm_info: OpenJDK 64-Bit Server VM (26+35-2893) for windows-amd64 JRE (26+35-2893), built on 2026-02-12T17:04:02Z with MS VC++ 17.13 (VS2022)

END.
